******************************************************************************
                  TI ARM Linker PC v18.1.4                     
******************************************************************************
>> Linked Sun Jan 13 17:54:45 2019

OUTPUT FILE NAME:   <blinky.out>
ENTRY POINT SYMBOL: "_c_int00_noargs"  address: 20006f41


MEMORY CONFIGURATION

         name            origin    length      used     unused   attr    fill
----------------------  --------  ---------  --------  --------  ----  --------
  SRAM_CODE             20004000   00019000  000036a6  0001595a  RW X
  SRAM_DATA             2001d000   00023000  0000101c  00021fe4  RW X


SEGMENT ALLOCATION MAP

run origin  load origin   length   init length attrs members
----------  ----------- ---------- ----------- ----- -------
20004000    20004000    000036a8   000036a8    r-x
  20004000    20004000    00000400   00000400    r-- .intvecs
  20004400    20004400    00002f3a   00002f3a    r-x .text
  2000733c    2000733c    0000032c   0000032c    r-- .const
  20007668    20007668    00000040   00000040    r-- .cinit
2001d000    2001d000    0000081c   00000000    rw-
  2001d000    2001d000    00000800   00000000    rw- .sysmem
  2001d800    2001d800    00000018   00000000    rw- .data
  2001d818    2001d818    00000004   00000000    rw- .bss
2003f800    2003f800    00000800   00000000    rw-
  2003f800    2003f800    00000800   00000000    rw- .stack


SECTION ALLOCATION MAP

 output                                  attributes/
section   page    origin      length       input sections
--------  ----  ----------  ----------   ----------------
.intvecs   0    20004000    00000400     
                  20004000    00000400     startup_ccs.obj (.intvecs)

.init_array 
*          0    20004000    00000000     UNINITIALIZED

.text      0    20004400    00002f3a     
                  20004400    00000a5e     rtsv7M4_T_le_v4SPD16_eabi.lib : _printfi.c.obj (.text:__TI_printfi)
                  20004e5e    00000002                                   : _lock.c.obj (.text:_nop)
                  20004e60    00000290     main.obj (.text)
                  200050f0    00000280     uart_if.obj (.text)
                  20005370    00000270     rtsv7M4_T_le_v4SPD16_eabi.lib : _printfi.c.obj (.text:_pconv_a)
                  200055e0    000001d0                                   : _printfi.c.obj (.text:_pconv_g)
                  200057b0    000001b6                                   : fd_add_t2.asm.obj (.text)
                  20005966    00000002                                   : div0.asm.obj (.text)
                  20005968    00000178     driverlib.a : prcm.obj (.text:PRCMCC3200MCUInit)
                  20005ae0    0000013c     rtsv7M4_T_le_v4SPD16_eabi.lib : _printfi.c.obj (.text:_pconv_e)
                  20005c1c    00000138     pin_mux_config.obj (.text)
                  20005d54    00000136     rtsv7M4_T_le_v4SPD16_eabi.lib : fd_div_t2.asm.obj (.text)
                  20005e8a    00000002     --HOLE-- [fill = 0]
                  20005e8c    00000124                                   : _printfi.c.obj (.text:fcvt)
                  20005fb0    00000114                                   : memory.c.obj (.text:realloc)
                  200060c4    00000110                                   : s_scalbn.c.obj (.text:scalbn)
                  200061d4    000000fc                                   : fd_mul_t2.asm.obj (.text)
                  200062d0    000000d8                                   : memory.c.obj (.text:free)
                  200063a8    000000d8     functions.obj (.text)
                  20006480    000000b1     rtsv7M4_T_le_v4SPD16_eabi.lib : _printfi.c.obj (.text:_ltostr)
                  20006531    00000003     --HOLE-- [fill = 0]
                  20006534    000000a8     driverlib.a : interrupt.obj (.text:IntEnable)
                  200065dc    0000009c     rtsv7M4_T_le_v4SPD16_eabi.lib : memcpy_t2.asm.obj (.text)
                  20006678    00000096                                   : ull_div_t2.asm.obj (.text)
                  2000670e    00000002     --HOLE-- [fill = 0]
                  20006710    00000094     driverlib.a : prcm.obj (.text:PRCMPeripheralClockGet)
                  200067a4    00000088                 : pin.obj (.text:PinConfigSet)
                  2000682c    00000086     rtsv7M4_T_le_v4SPD16_eabi.lib : fd_cmp_t2.asm.obj (.text:__aeabi_cdcmple)
                  200068b2    00000086                                   : fd_cmp_t2.asm.obj (.text:__aeabi_cdrcmple)
                  20006938    0000007a                                   : memset_t2.asm.obj (.text)
                  200069b2    00000002     --HOLE-- [fill = 0]
                  200069b4    00000078                                   : memory.c.obj (.text:malloc)
                  20006a2c    00000076     driverlib.a : uart.obj (.text:UARTConfigSetExpClk)
                  20006aa2    0000006e     rtsv7M4_T_le_v4SPD16_eabi.lib : _printfi.c.obj (.text:_mcpy)
                  20006b10    00000068                                   : copy_decompress_lzss.c.obj (.text:decompress:lzss:__TI_decompress_lzss)
                  20006b78    00000064                                   : s_frexp.c.obj (.text:frexp)
                  20006bdc    00000058     driverlib.a : prcm.obj (.text:PRCMPeripheralReset)
                  20006c34    00000056     rtsv7M4_T_le_v4SPD16_eabi.lib : _printfi.c.obj (.text:_pconv_f)
                  20006c8a    00000054                                   : ltoa.c.obj (.text:ltoa)
                  20006cde    00000052                                   : _printfi.c.obj (.text:_ecpy)
                  20006d30    0000004c                                   : atoi.c.obj (.text:atoi)
                  20006d7c    00000048                                   : fd_toi_t2.asm.obj (.text)
                  20006dc4    00000044                                   : autoinit.c.obj (.text:__TI_auto_init_nobinit_nopinit:__TI_auto_init_nobinit_nopinit)
                  20006e08    00000040     driverlib.a : pin.obj (.text:PinModeSet)
                  20006e48    00000040     rtsv7M4_T_le_v4SPD16_eabi.lib : vsnprintf.c.obj (.text:vsnprintf)
                  20006e88    0000003e                                   : _printfi.c.obj (.text:_fcpy)
                  20006ec6    00000002     --HOLE-- [fill = 0]
                  20006ec8    0000003c     driverlib.a : prcm.obj (.text:PRCMPeripheralClkEnable)
                  20006f04    0000003c     rtsv7M4_T_le_v4SPD16_eabi.lib : memory.c.obj (.text:minsert)
                  20006f40    00000038                                   : boot_cortex_m.c.obj (.text:_c_int00_noargs:_c_int00_noargs)
                  20006f78    00000038                                   : memory.c.obj (.text:minit)
                  20006fb0    00000036     driverlib.a : gpio.obj (.text:GPIODirModeSet)
                  20006fe6    00000030                 : pin.obj (.text:PinTypeGPIO)
                  20007016    00000002     --HOLE-- [fill = 0]
                  20007018    00000030                 : uart.obj (.text:UARTDisable)
                  20007048    00000030     rtsv7M4_T_le_v4SPD16_eabi.lib : vsnprintf.c.obj (.text:_outs)
                  20007078    0000002e                                   : i_tofd_t2.asm.obj (.text)
                  200070a6    00000002     --HOLE-- [fill = 0]
                  200070a8    0000002c     driverlib.a : prcm.obj (.text:PRCMSysResetCauseGet)
                  200070d4    00000028                 : prcm.obj (.text:PRCMPeripheralClkDisable)
                  200070fc    00000028     rtsv7M4_T_le_v4SPD16_eabi.lib : memory.c.obj (.text:mremove)
                  20007124    00000024     driverlib.a : uart.obj (.text:UARTEnable)
                  20007148    00000024     rtsv7M4_T_le_v4SPD16_eabi.lib : memmov.c.obj (.text:memmove)
                  2000716c    00000020     driverlib.a : gpio.obj (.text:GPIOPinWrite)
                  2000718c    0000001e                 : uart.obj (.text:UARTCharPut)
                  200071aa    0000001c                 : uart.obj (.text:UARTCharGetNonBlocking)
                  200071c6    0000001c     rtsv7M4_T_le_v4SPD16_eabi.lib : memccpy.c.obj (.text:memccpy)
                  200071e2    0000001a     driverlib.a : pin.obj (.text:PinTypeUART)
                  200071fc    00000018                 : gpio.obj (.text:GPIOPinRead)
                  20007214    00000018                 : uart.obj (.text:UARTCharsAvail)
                  2000722c    00000018     rtsv7M4_T_le_v4SPD16_eabi.lib : vsnprintf.c.obj (.text:_outc)
                  20007244    00000016     driverlib.a : prcm.obj (.text:PRCMHIBRegRead)
                  2000725a    00000016                 : prcm.obj (.text:PRCMHIBRegWrite)
                  20007270    00000016     rtsv7M4_T_le_v4SPD16_eabi.lib : strchr.c.obj (.text:strchr)
                  20007286    00000014     driverlib.a : cpu.obj (.text:CPUcpsie)
                  2000729a    00000002     --HOLE-- [fill = 0]
                  2000729c    00000014                 : interrupt.obj (.text:IntVTableBaseSet)
                  200072b0    00000014     rtsv7M4_T_le_v4SPD16_eabi.lib : s_copysign.c.obj (.text:copysign)
                  200072c4    00000014                                   : strlen.c.obj (.text:strlen)
                  200072d8    00000012                                   : copy_zero_init.c.obj (.text:decompress:ZI:__TI_zero_init_nomemset:__TI_zero_init_nomemset)
                  200072ea    00000012                                   : wcslen.c.obj (.text:wcslen)
                  200072fc    0000000e                                   : copy_decompress_none.c.obj (.text:decompress:none:__TI_decompress_none)
                  2000730a    0000000e     startup_ccs.obj (.text)
                  20007318    0000000a     driverlib.a : interrupt.obj (.text:IntMasterEnable)
                  20007322    00000002     --HOLE-- [fill = 0]
                  20007324    00000008     rtsv7M4_T_le_v4SPD16_eabi.lib : errno.c.obj (.text:__aeabi_errno_addr)
                  2000732c    00000006     driverlib.a : utils.obj (.text:UtilsDelay)
                  20007332    00000004     rtsv7M4_T_le_v4SPD16_eabi.lib : pre_init.c.obj (.text:_system_pre_init)
                  20007336    00000004                                   : exit.c.obj (.text:abort:abort)

.const     0    2000733c    0000032c     
                  2000733c    00000101     rtsv7M4_T_le_v4SPD16_eabi.lib : ctype.c.obj (.const:.string:_ctypes_)
                  2000743d    00000003     --HOLE-- [fill = 0]
                  20007440    00000100     driverlib.a : pin.obj (.const:g_ulPinToPadMap)
                  20007540    000000a8                 : prcm.obj (.const:PRCM_PeriphRegsList)
                  200075e8    00000080                 : interrupt.obj (.const)

.cinit     0    20007668    00000040     
                  20007668    0000001a     (.cinit..data.load) [load image, compression = lzss]
                  20007682    00000002     --HOLE-- [fill = 0]
                  20007684    0000000c     (__TI_handler_table)
                  20007690    00000008     (.cinit..bss.load) [load image, compression = zero_init]
                  20007698    00000010     (__TI_cinit_table)

.sysmem    0    2001d000    00000800     UNINITIALIZED
                  2001d000    00000008     rtsv7M4_T_le_v4SPD16_eabi.lib : memory.c.obj (.sysmem)
                  2001d008    000007f8     --HOLE--

.data      0    2001d800    00000018     UNINITIALIZED
                  2001d800    0000000c     rtsv7M4_T_le_v4SPD16_eabi.lib : memory.c.obj (.data:$O1$$)
                  2001d80c    00000008                                   : _lock.c.obj (.data:$O1$$)
                  2001d814    00000004                                   : errno.c.obj (.data)

.bss       0    2001d818    00000004     UNINITIALIZED
                  2001d818    00000004     uart_if.obj (.bss)

.stack     0    2003f800    00000800     UNINITIALIZED
                  2003f800    00000004     rtsv7M4_T_le_v4SPD16_eabi.lib : boot_cortex_m.c.obj (.stack)
                  2003f804    000007fc     --HOLE--

MODULE SUMMARY

       Module                       code    ro data   rw data
       ------                       ----    -------   -------
    .\
       startup_ccs.obj              14      1024      0      
       main.obj                     656     0         0      
       uart_if.obj                  640     0         4      
       pin_mux_config.obj           312     0         0      
       functions.obj                216     0         0      
    +--+----------------------------+-------+---------+---------+
       Total:                       1838    1024      4      
                                                             
    C:/ti/CC3200SDK_1.3.0/cc3200-sdk/driverlib/ccs/Release/driverlib.a
       prcm.obj                     800     168       0      
       pin.obj                      274     256       0      
       interrupt.obj                198     128       0      
       uart.obj                     284     0         0      
       gpio.obj                     110     0         0      
       cpu.obj                      20      0         0      
       utils.obj                    6       0         0      
    +--+----------------------------+-------+---------+---------+
       Total:                       1692    552       0      
                                                             
    C:\ti\ccsv8\tools\compiler\ti-cgt-arm_18.1.4.LTS\lib\rtsv7M4_T_le_v4SPD16_eabi.lib
       _printfi.c.obj               4867    0         0      
       memory.c.obj                 768     0         12     
       fd_add_t2.asm.obj            438     0         0      
       fd_div_t2.asm.obj            310     0         0      
       s_scalbn.c.obj               272     0         0      
       fd_cmp_t2.asm.obj            268     0         0      
       ctype.c.obj                  0       257       0      
       fd_mul_t2.asm.obj            252     0         0      
       memcpy_t2.asm.obj            156     0         0      
       ull_div_t2.asm.obj           150     0         0      
       vsnprintf.c.obj              136     0         0      
       memset_t2.asm.obj            122     0         0      
       copy_decompress_lzss.c.obj   104     0         0      
       s_frexp.c.obj                100     0         0      
       ltoa.c.obj                   84      0         0      
       atoi.c.obj                   76      0         0      
       fd_toi_t2.asm.obj            72      0         0      
       autoinit.c.obj               68      0         0      
       boot_cortex_m.c.obj          56      0         0      
       i_tofd_t2.asm.obj            46      0         0      
       memmov.c.obj                 36      0         0      
       memccpy.c.obj                28      0         0      
       strchr.c.obj                 22      0         0      
       s_copysign.c.obj             20      0         0      
       strlen.c.obj                 20      0         0      
       copy_zero_init.c.obj         18      0         0      
       wcslen.c.obj                 18      0         0      
       copy_decompress_none.c.obj   14      0         0      
       errno.c.obj                  8       0         4      
       _lock.c.obj                  2       0         8      
       exit.c.obj                   4       0         0      
       pre_init.c.obj               4       0         0      
       div0.asm.obj                 2       0         0      
    +--+----------------------------+-------+---------+---------+
       Total:                       8541    257       24     
                                                             
       Heap:                        0       0         2048   
       Stack:                       0       0         2048   
       Linker Generated:            0       62        0      
    +--+----------------------------+-------+---------+---------+
       Grand Total:                 12071   1895      4124   


LINKER GENERATED COPY TABLES

__TI_cinit_table @ 20007698 records: 2, size/record: 8, table size: 16
	.data: load addr=20007668, load size=0000001a bytes, run addr=2001d800, run size=00000018 bytes, compression=lzss
	.bss: load addr=20007690, load size=00000008 bytes, run addr=2001d818, run size=00000004 bytes, compression=zero_init


LINKER GENERATED HANDLER TABLE

__TI_handler_table @ 20007684 records: 3, size/record: 4, table size: 12
	index: 0, handler: __TI_decompress_lzss
	index: 1, handler: __TI_decompress_none
	index: 2, handler: __TI_zero_init


GLOBAL SYMBOLS: SORTED ALPHABETICALLY BY Name 

address   name                          
-------   ----                          
20007337  C$$EXIT                       
20007287  CPUcpsie                      
20005131  ClearTerm                     
2000513b  Error                         
20006fb1  GPIODirModeSet                
200071fd  GPIOPinRead                   
2000716d  GPIOPinWrite                  
20005173  GetCmd                        
200050f1  InitTerm                      
20006535  IntEnable                     
20007319  IntMasterEnable               
2000729d  IntVTableBaseSet              
200063a9  LEDBinaryCount                
2000643b  LEDUnisonBlink                
2000510f  Message                       
20005969  PRCMCC3200MCUInit             
20007245  PRCMHIBRegRead                
2000725b  PRCMHIBRegWrite               
200070d5  PRCMPeripheralClkDisable      
20006ec9  PRCMPeripheralClkEnable       
20006711  PRCMPeripheralClockGet        
20006bdd  PRCMPeripheralReset           
200070a9  PRCMSysResetCauseGet          
200067a5  PinConfigSet                  
20006e09  PinModeSet                    
20005c1d  PinMuxConfig                  
20006fe7  PinTypeGPIO                   
200071e3  PinTypeUART                   
200052b1  Report                        
2000730b  ResetISR                      
20005219  TrimSpace                     
200071ab  UARTCharGetNonBlocking        
2000718d  UARTCharPut                   
20007215  UARTCharsAvail                
20006a2d  UARTConfigSetExpClk           
20007019  UARTDisable                   
20007125  UARTEnable                    
2000732d  UtilsDelay                    
20040000  __STACK_END                   
00000800  __STACK_SIZE                  
00000800  __SYSMEM_SIZE                 
20007698  __TI_CINIT_Base               
200076a8  __TI_CINIT_Limit              
20007684  __TI_Handler_Table_Base       
20007690  __TI_Handler_Table_Limit      
20006dc5  __TI_auto_init_nobinit_nopinit
20006b11  __TI_decompress_lzss          
200072fd  __TI_decompress_none          
ffffffff  __TI_pprof_out_hndl           
20004401  __TI_printfi                  
ffffffff  __TI_prof_data_size           
ffffffff  __TI_prof_data_start          
20007668  __TI_static_base__            
200072d9  __TI_zero_init_nomemset       
2000682d  __aeabi_cdcmpeq               
2000682d  __aeabi_cdcmple               
200068b3  __aeabi_cdrcmple              
20006d7d  __aeabi_d2iz                  
200057bb  __aeabi_dadd                  
20005d55  __aeabi_ddiv                  
200061d5  __aeabi_dmul                  
200057b1  __aeabi_dsub                  
20007325  __aeabi_errno_addr            
20007079  __aeabi_i2d                   
20005967  __aeabi_idiv0                 
20005967  __aeabi_ldiv0                 
20006939  __aeabi_memclr                
20006939  __aeabi_memclr4               
20006939  __aeabi_memclr8               
200065dd  __aeabi_memcpy                
200065dd  __aeabi_memcpy4               
200065dd  __aeabi_memcpy8               
2000693b  __aeabi_memset                
2000693b  __aeabi_memset4               
2000693b  __aeabi_memset8               
20006679  __aeabi_uldivmod              
ffffffff  __binit__                     
ffffffff  __c_args__                    
UNDEFED   __mpu_init                    
2003f800  __stack                       
20006f41  _c_int00_noargs               
2000733c  _ctypes_                      
2001d80c  _lock                         
20004e5f  _nop                          
2001d000  _sys_memory                   
UNDEFED   _system_post_cinit            
20007333  _system_pre_init              
2001d810  _unlock                       
20007337  abort                         
20006d31  atoi                          
ffffffff  binit                         
200072b1  copysign                      
200072b1  copysignl                     
2001d814  errno                         
200062d1  free                          
20006b79  frexp                         
20006b79  frexpl                        
20004000  g_pfnVectors                  
200060c5  ldexp                         
200060c5  ldexpl                        
20006c8b  ltoa                          
20004e79  main                          
200069b5  malloc                        
200071c7  memccpy                       
200065dd  memcpy                        
20007149  memmove                       
20006941  memset                        
20006f79  minit                         
20005fb1  realloc                       
200060c5  scalbn                        
200060c5  scalbnl                       
20007271  strchr                        
200072c5  strlen                        
20006e49  vsnprintf                     
200072eb  wcslen                        


GLOBAL SYMBOLS: SORTED BY Symbol Address 

address   name                          
-------   ----                          
00000800  __STACK_SIZE                  
00000800  __SYSMEM_SIZE                 
20004000  g_pfnVectors                  
20004401  __TI_printfi                  
20004e5f  _nop                          
20004e79  main                          
200050f1  InitTerm                      
2000510f  Message                       
20005131  ClearTerm                     
2000513b  Error                         
20005173  GetCmd                        
20005219  TrimSpace                     
200052b1  Report                        
200057b1  __aeabi_dsub                  
200057bb  __aeabi_dadd                  
20005967  __aeabi_idiv0                 
20005967  __aeabi_ldiv0                 
20005969  PRCMCC3200MCUInit             
20005c1d  PinMuxConfig                  
20005d55  __aeabi_ddiv                  
20005fb1  realloc                       
200060c5  ldexp                         
200060c5  ldexpl                        
200060c5  scalbn                        
200060c5  scalbnl                       
200061d5  __aeabi_dmul                  
200062d1  free                          
200063a9  LEDBinaryCount                
2000643b  LEDUnisonBlink                
20006535  IntEnable                     
200065dd  __aeabi_memcpy                
200065dd  __aeabi_memcpy4               
200065dd  __aeabi_memcpy8               
200065dd  memcpy                        
20006679  __aeabi_uldivmod              
20006711  PRCMPeripheralClockGet        
200067a5  PinConfigSet                  
2000682d  __aeabi_cdcmpeq               
2000682d  __aeabi_cdcmple               
200068b3  __aeabi_cdrcmple              
20006939  __aeabi_memclr                
20006939  __aeabi_memclr4               
20006939  __aeabi_memclr8               
2000693b  __aeabi_memset                
2000693b  __aeabi_memset4               
2000693b  __aeabi_memset8               
20006941  memset                        
200069b5  malloc                        
20006a2d  UARTConfigSetExpClk           
20006b11  __TI_decompress_lzss          
20006b79  frexp                         
20006b79  frexpl                        
20006bdd  PRCMPeripheralReset           
20006c8b  ltoa                          
20006d31  atoi                          
20006d7d  __aeabi_d2iz                  
20006dc5  __TI_auto_init_nobinit_nopinit
20006e09  PinModeSet                    
20006e49  vsnprintf                     
20006ec9  PRCMPeripheralClkEnable       
20006f41  _c_int00_noargs               
20006f79  minit                         
20006fb1  GPIODirModeSet                
20006fe7  PinTypeGPIO                   
20007019  UARTDisable                   
20007079  __aeabi_i2d                   
200070a9  PRCMSysResetCauseGet          
200070d5  PRCMPeripheralClkDisable      
20007125  UARTEnable                    
20007149  memmove                       
2000716d  GPIOPinWrite                  
2000718d  UARTCharPut                   
200071ab  UARTCharGetNonBlocking        
200071c7  memccpy                       
200071e3  PinTypeUART                   
200071fd  GPIOPinRead                   
20007215  UARTCharsAvail                
20007245  PRCMHIBRegRead                
2000725b  PRCMHIBRegWrite               
20007271  strchr                        
20007287  CPUcpsie                      
2000729d  IntVTableBaseSet              
200072b1  copysign                      
200072b1  copysignl                     
200072c5  strlen                        
200072d9  __TI_zero_init_nomemset       
200072eb  wcslen                        
200072fd  __TI_decompress_none          
2000730b  ResetISR                      
20007319  IntMasterEnable               
20007325  __aeabi_errno_addr            
2000732d  UtilsDelay                    
20007333  _system_pre_init              
20007337  C$$EXIT                       
20007337  abort                         
2000733c  _ctypes_                      
20007668  __TI_static_base__            
20007684  __TI_Handler_Table_Base       
20007690  __TI_Handler_Table_Limit      
20007698  __TI_CINIT_Base               
200076a8  __TI_CINIT_Limit              
2001d000  _sys_memory                   
2001d80c  _lock                         
2001d810  _unlock                       
2001d814  errno                         
2003f800  __stack                       
20040000  __STACK_END                   
ffffffff  __TI_pprof_out_hndl           
ffffffff  __TI_prof_data_size           
ffffffff  __TI_prof_data_start          
ffffffff  __binit__                     
ffffffff  __c_args__                    
ffffffff  binit                         
UNDEFED   __mpu_init                    
UNDEFED   _system_post_cinit            

[115 symbols]
