******************************************************************************
                  TI ARM Linker PC v18.1.4                     
******************************************************************************
>> Linked Sat Jan 12 21:56:01 2019

OUTPUT FILE NAME:   <blinky.out>
ENTRY POINT SYMBOL: "_c_int00_noargs"  address: 20006fd1


MEMORY CONFIGURATION

         name            origin    length      used     unused   attr    fill
----------------------  --------  ---------  --------  --------  ----  --------
  SRAM_CODE             20004000   00019000  00003736  000158ca  RW X
  SRAM_DATA             2001d000   00023000  00001024  00021fdc  RW X


SEGMENT ALLOCATION MAP

run origin  load origin   length   init length attrs members
----------  ----------- ---------- ----------- ----- -------
20004000    20004000    00003738   00003738    r-x
  20004000    20004000    00000400   00000400    r-- .intvecs
  20004400    20004400    00002fca   00002fca    r-x .text
  200073cc    200073cc    0000032c   0000032c    r-- .const
  200076f8    200076f8    00000040   00000040    r-- .cinit
2001d000    2001d000    00000824   00000000    rw-
  2001d000    2001d000    00000800   00000000    rw- .sysmem
  2001d800    2001d800    00000020   00000000    rw- .data
  2001d820    2001d820    00000004   00000000    rw- .bss
2003f800    2003f800    00000800   00000000    rw-
  2003f800    2003f800    00000800   00000000    rw- .stack


SECTION ALLOCATION MAP

 output                                  attributes/
section   page    origin      length       input sections
--------  ----  ----------  ----------   ----------------
.intvecs   0    20004000    00000400     
                  20004000    00000400     startup_ccs.obj (.intvecs)

.init_array 
*          0    20004000    00000000     UNINITIALIZED

.text      0    20004400    00002fca     
                  20004400    00000a5e     rtsv7M4_T_le_v4SPD16_eabi.lib : _printfi.c.obj (.text:__TI_printfi)
                  20004e5e    00000002                                   : _lock.c.obj (.text:_nop)
                  20004e60    000002bc     main.obj (.text)
                  2000511c    00000280     uart_if.obj (.text)
                  2000539c    00000270     rtsv7M4_T_le_v4SPD16_eabi.lib : _printfi.c.obj (.text:_pconv_a)
                  2000560c    000001d0                                   : _printfi.c.obj (.text:_pconv_g)
                  200057dc    000001b6                                   : fd_add_t2.asm.obj (.text)
                  20005992    00000002                                   : div0.asm.obj (.text)
                  20005994    00000178     driverlib.a : prcm.obj (.text:PRCMCC3200MCUInit)
                  20005b0c    0000013c     rtsv7M4_T_le_v4SPD16_eabi.lib : _printfi.c.obj (.text:_pconv_e)
                  20005c48    0000013c     functions.obj (.text)
                  20005d84    00000138     pin_mux_config.obj (.text)
                  20005ebc    00000136     rtsv7M4_T_le_v4SPD16_eabi.lib : fd_div_t2.asm.obj (.text)
                  20005ff2    00000002     --HOLE-- [fill = 0]
                  20005ff4    00000124                                   : _printfi.c.obj (.text:fcvt)
                  20006118    00000114                                   : memory.c.obj (.text:realloc)
                  2000622c    00000110                                   : s_scalbn.c.obj (.text:scalbn)
                  2000633c    000000fc                                   : fd_mul_t2.asm.obj (.text)
                  20006438    000000d8                                   : memory.c.obj (.text:free)
                  20006510    000000b1                                   : _printfi.c.obj (.text:_ltostr)
                  200065c1    00000003     --HOLE-- [fill = 0]
                  200065c4    000000a8     driverlib.a : interrupt.obj (.text:IntEnable)
                  2000666c    0000009c     rtsv7M4_T_le_v4SPD16_eabi.lib : memcpy_t2.asm.obj (.text)
                  20006708    00000096                                   : ull_div_t2.asm.obj (.text)
                  2000679e    00000002     --HOLE-- [fill = 0]
                  200067a0    00000094     driverlib.a : prcm.obj (.text:PRCMPeripheralClockGet)
                  20006834    00000088                 : pin.obj (.text:PinConfigSet)
                  200068bc    00000086     rtsv7M4_T_le_v4SPD16_eabi.lib : fd_cmp_t2.asm.obj (.text:__aeabi_cdcmple)
                  20006942    00000086                                   : fd_cmp_t2.asm.obj (.text:__aeabi_cdrcmple)
                  200069c8    0000007a                                   : memset_t2.asm.obj (.text)
                  20006a42    00000002     --HOLE-- [fill = 0]
                  20006a44    00000078                                   : memory.c.obj (.text:malloc)
                  20006abc    00000076     driverlib.a : uart.obj (.text:UARTConfigSetExpClk)
                  20006b32    0000006e     rtsv7M4_T_le_v4SPD16_eabi.lib : _printfi.c.obj (.text:_mcpy)
                  20006ba0    00000068                                   : copy_decompress_lzss.c.obj (.text:decompress:lzss:__TI_decompress_lzss)
                  20006c08    00000064                                   : s_frexp.c.obj (.text:frexp)
                  20006c6c    00000058     driverlib.a : prcm.obj (.text:PRCMPeripheralReset)
                  20006cc4    00000056     rtsv7M4_T_le_v4SPD16_eabi.lib : _printfi.c.obj (.text:_pconv_f)
                  20006d1a    00000054                                   : ltoa.c.obj (.text:ltoa)
                  20006d6e    00000052                                   : _printfi.c.obj (.text:_ecpy)
                  20006dc0    0000004c                                   : atoi.c.obj (.text:atoi)
                  20006e0c    00000048                                   : fd_toi_t2.asm.obj (.text)
                  20006e54    00000044                                   : autoinit.c.obj (.text:__TI_auto_init_nobinit_nopinit:__TI_auto_init_nobinit_nopinit)
                  20006e98    00000040     driverlib.a : pin.obj (.text:PinModeSet)
                  20006ed8    00000040     rtsv7M4_T_le_v4SPD16_eabi.lib : vsnprintf.c.obj (.text:vsnprintf)
                  20006f18    0000003e                                   : _printfi.c.obj (.text:_fcpy)
                  20006f56    00000002     --HOLE-- [fill = 0]
                  20006f58    0000003c     driverlib.a : prcm.obj (.text:PRCMPeripheralClkEnable)
                  20006f94    0000003c     rtsv7M4_T_le_v4SPD16_eabi.lib : memory.c.obj (.text:minsert)
                  20006fd0    00000038                                   : boot_cortex_m.c.obj (.text:_c_int00_noargs:_c_int00_noargs)
                  20007008    00000038                                   : memory.c.obj (.text:minit)
                  20007040    00000036     driverlib.a : gpio.obj (.text:GPIODirModeSet)
                  20007076    00000030                 : pin.obj (.text:PinTypeGPIO)
                  200070a6    00000002     --HOLE-- [fill = 0]
                  200070a8    00000030                 : uart.obj (.text:UARTDisable)
                  200070d8    00000030     rtsv7M4_T_le_v4SPD16_eabi.lib : vsnprintf.c.obj (.text:_outs)
                  20007108    0000002e                                   : i_tofd_t2.asm.obj (.text)
                  20007136    00000002     --HOLE-- [fill = 0]
                  20007138    0000002c     driverlib.a : prcm.obj (.text:PRCMSysResetCauseGet)
                  20007164    00000028                 : prcm.obj (.text:PRCMPeripheralClkDisable)
                  2000718c    00000028     rtsv7M4_T_le_v4SPD16_eabi.lib : memory.c.obj (.text:mremove)
                  200071b4    00000024     driverlib.a : uart.obj (.text:UARTEnable)
                  200071d8    00000024     rtsv7M4_T_le_v4SPD16_eabi.lib : memmov.c.obj (.text:memmove)
                  200071fc    00000020     driverlib.a : gpio.obj (.text:GPIOPinWrite)
                  2000721c    0000001e                 : uart.obj (.text:UARTCharPut)
                  2000723a    0000001c                 : uart.obj (.text:UARTCharGetNonBlocking)
                  20007256    0000001c     rtsv7M4_T_le_v4SPD16_eabi.lib : memccpy.c.obj (.text:memccpy)
                  20007272    0000001a     driverlib.a : pin.obj (.text:PinTypeUART)
                  2000728c    00000018                 : gpio.obj (.text:GPIOPinRead)
                  200072a4    00000018                 : uart.obj (.text:UARTCharsAvail)
                  200072bc    00000018     rtsv7M4_T_le_v4SPD16_eabi.lib : vsnprintf.c.obj (.text:_outc)
                  200072d4    00000016     driverlib.a : prcm.obj (.text:PRCMHIBRegRead)
                  200072ea    00000016                 : prcm.obj (.text:PRCMHIBRegWrite)
                  20007300    00000016     rtsv7M4_T_le_v4SPD16_eabi.lib : strchr.c.obj (.text:strchr)
                  20007316    00000014     driverlib.a : cpu.obj (.text:CPUcpsie)
                  2000732a    00000002     --HOLE-- [fill = 0]
                  2000732c    00000014                 : interrupt.obj (.text:IntVTableBaseSet)
                  20007340    00000014     rtsv7M4_T_le_v4SPD16_eabi.lib : s_copysign.c.obj (.text:copysign)
                  20007354    00000014                                   : strlen.c.obj (.text:strlen)
                  20007368    00000012                                   : copy_zero_init.c.obj (.text:decompress:ZI:__TI_zero_init_nomemset:__TI_zero_init_nomemset)
                  2000737a    00000012                                   : wcslen.c.obj (.text:wcslen)
                  2000738c    0000000e                                   : copy_decompress_none.c.obj (.text:decompress:none:__TI_decompress_none)
                  2000739a    0000000e     startup_ccs.obj (.text)
                  200073a8    0000000a     driverlib.a : interrupt.obj (.text:IntMasterEnable)
                  200073b2    00000002     --HOLE-- [fill = 0]
                  200073b4    00000008     rtsv7M4_T_le_v4SPD16_eabi.lib : errno.c.obj (.text:__aeabi_errno_addr)
                  200073bc    00000006     driverlib.a : utils.obj (.text:UtilsDelay)
                  200073c2    00000004     rtsv7M4_T_le_v4SPD16_eabi.lib : pre_init.c.obj (.text:_system_pre_init)
                  200073c6    00000004                                   : exit.c.obj (.text:abort:abort)

.const     0    200073cc    0000032c     
                  200073cc    00000101     rtsv7M4_T_le_v4SPD16_eabi.lib : ctype.c.obj (.const:.string:_ctypes_)
                  200074cd    00000003     --HOLE-- [fill = 0]
                  200074d0    00000100     driverlib.a : pin.obj (.const:g_ulPinToPadMap)
                  200075d0    000000a8                 : prcm.obj (.const:PRCM_PeriphRegsList)
                  20007678    00000080                 : interrupt.obj (.const)

.cinit     0    200076f8    00000040     
                  200076f8    0000001b     (.cinit..data.load) [load image, compression = lzss]
                  20007713    00000001     --HOLE-- [fill = 0]
                  20007714    0000000c     (__TI_handler_table)
                  20007720    00000008     (.cinit..bss.load) [load image, compression = zero_init]
                  20007728    00000010     (__TI_cinit_table)

.sysmem    0    2001d000    00000800     UNINITIALIZED
                  2001d000    00000008     rtsv7M4_T_le_v4SPD16_eabi.lib : memory.c.obj (.sysmem)
                  2001d008    000007f8     --HOLE--

.data      0    2001d800    00000020     UNINITIALIZED
                  2001d800    0000000c     rtsv7M4_T_le_v4SPD16_eabi.lib : memory.c.obj (.data:$O1$$)
                  2001d80c    00000008                                   : _lock.c.obj (.data:$O1$$)
                  2001d814    00000008     main.obj (.data)
                  2001d81c    00000004     rtsv7M4_T_le_v4SPD16_eabi.lib : errno.c.obj (.data)

.bss       0    2001d820    00000004     UNINITIALIZED
                  2001d820    00000004     uart_if.obj (.bss)

.stack     0    2003f800    00000800     UNINITIALIZED
                  2003f800    00000004     rtsv7M4_T_le_v4SPD16_eabi.lib : boot_cortex_m.c.obj (.stack)
                  2003f804    000007fc     --HOLE--

MODULE SUMMARY

       Module                       code    ro data   rw data
       ------                       ----    -------   -------
    .\
       startup_ccs.obj              14      1024      0      
       main.obj                     700     0         8      
       uart_if.obj                  640     0         4      
       functions.obj                316     0         0      
       pin_mux_config.obj           312     0         0      
    +--+----------------------------+-------+---------+---------+
       Total:                       1982    1024      12     
                                                             
    C:/ti/CC3200SDK_1.3.0/cc3200-sdk/driverlib/ccs/Release/driverlib.a
       prcm.obj                     800     168       0      
       pin.obj                      274     256       0      
       interrupt.obj                198     128       0      
       uart.obj                     284     0         0      
       gpio.obj                     110     0         0      
       cpu.obj                      20      0         0      
       utils.obj                    6       0         0      
    +--+----------------------------+-------+---------+---------+
       Total:                       1692    552       0      
                                                             
    C:\ti\ccsv8\tools\compiler\ti-cgt-arm_18.1.4.LTS\lib\rtsv7M4_T_le_v4SPD16_eabi.lib
       _printfi.c.obj               4867    0         0      
       memory.c.obj                 768     0         12     
       fd_add_t2.asm.obj            438     0         0      
       fd_div_t2.asm.obj            310     0         0      
       s_scalbn.c.obj               272     0         0      
       fd_cmp_t2.asm.obj            268     0         0      
       ctype.c.obj                  0       257       0      
       fd_mul_t2.asm.obj            252     0         0      
       memcpy_t2.asm.obj            156     0         0      
       ull_div_t2.asm.obj           150     0         0      
       vsnprintf.c.obj              136     0         0      
       memset_t2.asm.obj            122     0         0      
       copy_decompress_lzss.c.obj   104     0         0      
       s_frexp.c.obj                100     0         0      
       ltoa.c.obj                   84      0         0      
       atoi.c.obj                   76      0         0      
       fd_toi_t2.asm.obj            72      0         0      
       autoinit.c.obj               68      0         0      
       boot_cortex_m.c.obj          56      0         0      
       i_tofd_t2.asm.obj            46      0         0      
       memmov.c.obj                 36      0         0      
       memccpy.c.obj                28      0         0      
       strchr.c.obj                 22      0         0      
       s_copysign.c.obj             20      0         0      
       strlen.c.obj                 20      0         0      
       copy_zero_init.c.obj         18      0         0      
       wcslen.c.obj                 18      0         0      
       copy_decompress_none.c.obj   14      0         0      
       errno.c.obj                  8       0         4      
       _lock.c.obj                  2       0         8      
       exit.c.obj                   4       0         0      
       pre_init.c.obj               4       0         0      
       div0.asm.obj                 2       0         0      
    +--+----------------------------+-------+---------+---------+
       Total:                       8541    257       24     
                                                             
       Heap:                        0       0         2048   
       Stack:                       0       0         2048   
       Linker Generated:            0       63        0      
    +--+----------------------------+-------+---------+---------+
       Grand Total:                 12215   1896      4132   


LINKER GENERATED COPY TABLES

__TI_cinit_table @ 20007728 records: 2, size/record: 8, table size: 16
	.data: load addr=200076f8, load size=0000001b bytes, run addr=2001d800, run size=00000020 bytes, compression=lzss
	.bss: load addr=20007720, load size=00000008 bytes, run addr=2001d820, run size=00000004 bytes, compression=zero_init


LINKER GENERATED HANDLER TABLE

__TI_handler_table @ 20007714 records: 3, size/record: 4, table size: 12
	index: 0, handler: __TI_decompress_lzss
	index: 1, handler: __TI_decompress_none
	index: 2, handler: __TI_zero_init


GLOBAL SYMBOLS: SORTED ALPHABETICALLY BY Name 

address   name                          
-------   ----                          
200073c7  C$$EXIT                       
20007317  CPUcpsie                      
2000515d  ClearTerm                     
20005167  Error                         
20007041  GPIODirModeSet                
2000728d  GPIOPinRead                   
200071fd  GPIOPinWrite                  
2000519f  GetCmd                        
2000511d  InitTerm                      
200065c5  IntEnable                     
200073a9  IntMasterEnable               
2000732d  IntVTableBaseSet              
20005c49  LEDBinaryCount                
20005d17  LEDUnisonBlink                
2000513b  Message                       
20005995  PRCMCC3200MCUInit             
200072d5  PRCMHIBRegRead                
200072eb  PRCMHIBRegWrite               
20007165  PRCMPeripheralClkDisable      
20006f59  PRCMPeripheralClkEnable       
200067a1  PRCMPeripheralClockGet        
20006c6d  PRCMPeripheralReset           
20007139  PRCMSysResetCauseGet          
20006835  PinConfigSet                  
20006e99  PinModeSet                    
20005d85  PinMuxConfig                  
20007077  PinTypeGPIO                   
20007273  PinTypeUART                   
200052dd  Report                        
2000739b  ResetISR                      
20005245  TrimSpace                     
2000723b  UARTCharGetNonBlocking        
2000721d  UARTCharPut                   
200072a5  UARTCharsAvail                
20006abd  UARTConfigSetExpClk           
200070a9  UARTDisable                   
200071b5  UARTEnable                    
200073bd  UtilsDelay                    
20040000  __STACK_END                   
00000800  __STACK_SIZE                  
00000800  __SYSMEM_SIZE                 
20007728  __TI_CINIT_Base               
20007738  __TI_CINIT_Limit              
20007714  __TI_Handler_Table_Base       
20007720  __TI_Handler_Table_Limit      
20006e55  __TI_auto_init_nobinit_nopinit
20006ba1  __TI_decompress_lzss          
2000738d  __TI_decompress_none          
ffffffff  __TI_pprof_out_hndl           
20004401  __TI_printfi                  
ffffffff  __TI_prof_data_size           
ffffffff  __TI_prof_data_start          
200076f8  __TI_static_base__            
20007369  __TI_zero_init_nomemset       
200068bd  __aeabi_cdcmpeq               
200068bd  __aeabi_cdcmple               
20006943  __aeabi_cdrcmple              
20006e0d  __aeabi_d2iz                  
200057e7  __aeabi_dadd                  
20005ebd  __aeabi_ddiv                  
2000633d  __aeabi_dmul                  
200057dd  __aeabi_dsub                  
200073b5  __aeabi_errno_addr            
20007109  __aeabi_i2d                   
20005993  __aeabi_idiv0                 
20005993  __aeabi_ldiv0                 
200069c9  __aeabi_memclr                
200069c9  __aeabi_memclr4               
200069c9  __aeabi_memclr8               
2000666d  __aeabi_memcpy                
2000666d  __aeabi_memcpy4               
2000666d  __aeabi_memcpy8               
200069cb  __aeabi_memset                
200069cb  __aeabi_memset4               
200069cb  __aeabi_memset8               
20006709  __aeabi_uldivmod              
ffffffff  __binit__                     
ffffffff  __c_args__                    
UNDEFED   __mpu_init                    
2003f800  __stack                       
20006fd1  _c_int00_noargs               
200073cc  _ctypes_                      
2001d80c  _lock                         
20004e5f  _nop                          
2001d000  _sys_memory                   
UNDEFED   _system_post_cinit            
200073c3  _system_pre_init              
2001d810  _unlock                       
200073c7  abort                         
20006dc1  atoi                          
ffffffff  binit                         
20007341  copysign                      
20007341  copysignl                     
2001d814  counter                       
2001d81c  errno                         
20006439  free                          
20006c09  frexp                         
20006c09  frexpl                        
20004000  g_pfnVectors                  
2000622d  ldexp                         
2000622d  ldexpl                        
20006d1b  ltoa                          
20004e79  main                          
20006a45  malloc                        
20007257  memccpy                       
2000666d  memcpy                        
200071d9  memmove                       
200069d1  memset                        
20007009  minit                         
20006119  realloc                       
2000622d  scalbn                        
2000622d  scalbnl                       
2001d818  state                         
20007301  strchr                        
20007355  strlen                        
20006ed9  vsnprintf                     
2000737b  wcslen                        


GLOBAL SYMBOLS: SORTED BY Symbol Address 

address   name                          
-------   ----                          
00000800  __STACK_SIZE                  
00000800  __SYSMEM_SIZE                 
20004000  g_pfnVectors                  
20004401  __TI_printfi                  
20004e5f  _nop                          
20004e79  main                          
2000511d  InitTerm                      
2000513b  Message                       
2000515d  ClearTerm                     
20005167  Error                         
2000519f  GetCmd                        
20005245  TrimSpace                     
200052dd  Report                        
200057dd  __aeabi_dsub                  
200057e7  __aeabi_dadd                  
20005993  __aeabi_idiv0                 
20005993  __aeabi_ldiv0                 
20005995  PRCMCC3200MCUInit             
20005c49  LEDBinaryCount                
20005d17  LEDUnisonBlink                
20005d85  PinMuxConfig                  
20005ebd  __aeabi_ddiv                  
20006119  realloc                       
2000622d  ldexp                         
2000622d  ldexpl                        
2000622d  scalbn                        
2000622d  scalbnl                       
2000633d  __aeabi_dmul                  
20006439  free                          
200065c5  IntEnable                     
2000666d  __aeabi_memcpy                
2000666d  __aeabi_memcpy4               
2000666d  __aeabi_memcpy8               
2000666d  memcpy                        
20006709  __aeabi_uldivmod              
200067a1  PRCMPeripheralClockGet        
20006835  PinConfigSet                  
200068bd  __aeabi_cdcmpeq               
200068bd  __aeabi_cdcmple               
20006943  __aeabi_cdrcmple              
200069c9  __aeabi_memclr                
200069c9  __aeabi_memclr4               
200069c9  __aeabi_memclr8               
200069cb  __aeabi_memset                
200069cb  __aeabi_memset4               
200069cb  __aeabi_memset8               
200069d1  memset                        
20006a45  malloc                        
20006abd  UARTConfigSetExpClk           
20006ba1  __TI_decompress_lzss          
20006c09  frexp                         
20006c09  frexpl                        
20006c6d  PRCMPeripheralReset           
20006d1b  ltoa                          
20006dc1  atoi                          
20006e0d  __aeabi_d2iz                  
20006e55  __TI_auto_init_nobinit_nopinit
20006e99  PinModeSet                    
20006ed9  vsnprintf                     
20006f59  PRCMPeripheralClkEnable       
20006fd1  _c_int00_noargs               
20007009  minit                         
20007041  GPIODirModeSet                
20007077  PinTypeGPIO                   
200070a9  UARTDisable                   
20007109  __aeabi_i2d                   
20007139  PRCMSysResetCauseGet          
20007165  PRCMPeripheralClkDisable      
200071b5  UARTEnable                    
200071d9  memmove                       
200071fd  GPIOPinWrite                  
2000721d  UARTCharPut                   
2000723b  UARTCharGetNonBlocking        
20007257  memccpy                       
20007273  PinTypeUART                   
2000728d  GPIOPinRead                   
200072a5  UARTCharsAvail                
200072d5  PRCMHIBRegRead                
200072eb  PRCMHIBRegWrite               
20007301  strchr                        
20007317  CPUcpsie                      
2000732d  IntVTableBaseSet              
20007341  copysign                      
20007341  copysignl                     
20007355  strlen                        
20007369  __TI_zero_init_nomemset       
2000737b  wcslen                        
2000738d  __TI_decompress_none          
2000739b  ResetISR                      
200073a9  IntMasterEnable               
200073b5  __aeabi_errno_addr            
200073bd  UtilsDelay                    
200073c3  _system_pre_init              
200073c7  C$$EXIT                       
200073c7  abort                         
200073cc  _ctypes_                      
200076f8  __TI_static_base__            
20007714  __TI_Handler_Table_Base       
20007720  __TI_Handler_Table_Limit      
20007728  __TI_CINIT_Base               
20007738  __TI_CINIT_Limit              
2001d000  _sys_memory                   
2001d80c  _lock                         
2001d810  _unlock                       
2001d814  counter                       
2001d818  state                         
2001d81c  errno                         
2003f800  __stack                       
20040000  __STACK_END                   
ffffffff  __TI_pprof_out_hndl           
ffffffff  __TI_prof_data_size           
ffffffff  __TI_prof_data_start          
ffffffff  __binit__                     
ffffffff  __c_args__                    
ffffffff  binit                         
UNDEFED   __mpu_init                    
UNDEFED   _system_post_cinit            

[117 symbols]
