******************************************************************************
                  TI ARM Linker PC v18.1.4                     
******************************************************************************
>> Linked Sun Jan 13 00:40:36 2019

OUTPUT FILE NAME:   <Lab1.out>
ENTRY POINT SYMBOL: "_c_int00_noargs"  address: 20006fa1


MEMORY CONFIGURATION

         name            origin    length      used     unused   attr    fill
----------------------  --------  ---------  --------  --------  ----  --------
  SRAM_CODE             20004000   00019000  00003706  000158fa  RW X
  SRAM_DATA             2001d000   00023000  0000101c  00021fe4  RW X


SEGMENT ALLOCATION MAP

run origin  load origin   length   init length attrs members
----------  ----------- ---------- ----------- ----- -------
20004000    20004000    00003708   00003708    r-x
  20004000    20004000    00000400   00000400    r-- .intvecs
  20004400    20004400    00002f9a   00002f9a    r-x .text
  2000739c    2000739c    0000032c   0000032c    r-- .const
  200076c8    200076c8    00000040   00000040    r-- .cinit
2001d000    2001d000    0000081c   00000000    rw-
  2001d000    2001d000    00000800   00000000    rw- .sysmem
  2001d800    2001d800    00000018   00000000    rw- .data
  2001d818    2001d818    00000004   00000000    rw- .bss
2003f800    2003f800    00000800   00000000    rw-
  2003f800    2003f800    00000800   00000000    rw- .stack


SECTION ALLOCATION MAP

 output                                  attributes/
section   page    origin      length       input sections
--------  ----  ----------  ----------   ----------------
.intvecs   0    20004000    00000400     
                  20004000    00000400     startup_ccs.obj (.intvecs)

.init_array 
*          0    20004000    00000000     UNINITIALIZED

.text      0    20004400    00002f9a     
                  20004400    00000a5e     rtsv7M4_T_le_v4SPD16_eabi.lib : _printfi.c.obj (.text:__TI_printfi)
                  20004e5e    00000002                                   : _lock.c.obj (.text:_nop)
                  20004e60    0000028c     main.obj (.text)
                  200050ec    00000280     uart_if.obj (.text)
                  2000536c    00000270     rtsv7M4_T_le_v4SPD16_eabi.lib : _printfi.c.obj (.text:_pconv_a)
                  200055dc    000001d0                                   : _printfi.c.obj (.text:_pconv_g)
                  200057ac    000001b6                                   : fd_add_t2.asm.obj (.text)
                  20005962    00000002                                   : div0.asm.obj (.text)
                  20005964    00000178     driverlib.a : prcm.obj (.text:PRCMCC3200MCUInit)
                  20005adc    0000013c     rtsv7M4_T_le_v4SPD16_eabi.lib : _printfi.c.obj (.text:_pconv_e)
                  20005c18    0000013c     functions.obj (.text)
                  20005d54    00000138     pin_mux_config.obj (.text)
                  20005e8c    00000136     rtsv7M4_T_le_v4SPD16_eabi.lib : fd_div_t2.asm.obj (.text)
                  20005fc2    00000002     --HOLE-- [fill = 0]
                  20005fc4    00000124                                   : _printfi.c.obj (.text:fcvt)
                  200060e8    00000114                                   : memory.c.obj (.text:realloc)
                  200061fc    00000110                                   : s_scalbn.c.obj (.text:scalbn)
                  2000630c    000000fc                                   : fd_mul_t2.asm.obj (.text)
                  20006408    000000d8                                   : memory.c.obj (.text:free)
                  200064e0    000000b1                                   : _printfi.c.obj (.text:_ltostr)
                  20006591    00000003     --HOLE-- [fill = 0]
                  20006594    000000a8     driverlib.a : interrupt.obj (.text:IntEnable)
                  2000663c    0000009c     rtsv7M4_T_le_v4SPD16_eabi.lib : memcpy_t2.asm.obj (.text)
                  200066d8    00000096                                   : ull_div_t2.asm.obj (.text)
                  2000676e    00000002     --HOLE-- [fill = 0]
                  20006770    00000094     driverlib.a : prcm.obj (.text:PRCMPeripheralClockGet)
                  20006804    00000088                 : pin.obj (.text:PinConfigSet)
                  2000688c    00000086     rtsv7M4_T_le_v4SPD16_eabi.lib : fd_cmp_t2.asm.obj (.text:__aeabi_cdcmple)
                  20006912    00000086                                   : fd_cmp_t2.asm.obj (.text:__aeabi_cdrcmple)
                  20006998    0000007a                                   : memset_t2.asm.obj (.text)
                  20006a12    00000002     --HOLE-- [fill = 0]
                  20006a14    00000078                                   : memory.c.obj (.text:malloc)
                  20006a8c    00000076     driverlib.a : uart.obj (.text:UARTConfigSetExpClk)
                  20006b02    0000006e     rtsv7M4_T_le_v4SPD16_eabi.lib : _printfi.c.obj (.text:_mcpy)
                  20006b70    00000068                                   : copy_decompress_lzss.c.obj (.text:decompress:lzss:__TI_decompress_lzss)
                  20006bd8    00000064                                   : s_frexp.c.obj (.text:frexp)
                  20006c3c    00000058     driverlib.a : prcm.obj (.text:PRCMPeripheralReset)
                  20006c94    00000056     rtsv7M4_T_le_v4SPD16_eabi.lib : _printfi.c.obj (.text:_pconv_f)
                  20006cea    00000054                                   : ltoa.c.obj (.text:ltoa)
                  20006d3e    00000052                                   : _printfi.c.obj (.text:_ecpy)
                  20006d90    0000004c                                   : atoi.c.obj (.text:atoi)
                  20006ddc    00000048                                   : fd_toi_t2.asm.obj (.text)
                  20006e24    00000044                                   : autoinit.c.obj (.text:__TI_auto_init_nobinit_nopinit:__TI_auto_init_nobinit_nopinit)
                  20006e68    00000040     driverlib.a : pin.obj (.text:PinModeSet)
                  20006ea8    00000040     rtsv7M4_T_le_v4SPD16_eabi.lib : vsnprintf.c.obj (.text:vsnprintf)
                  20006ee8    0000003e                                   : _printfi.c.obj (.text:_fcpy)
                  20006f26    00000002     --HOLE-- [fill = 0]
                  20006f28    0000003c     driverlib.a : prcm.obj (.text:PRCMPeripheralClkEnable)
                  20006f64    0000003c     rtsv7M4_T_le_v4SPD16_eabi.lib : memory.c.obj (.text:minsert)
                  20006fa0    00000038                                   : boot_cortex_m.c.obj (.text:_c_int00_noargs:_c_int00_noargs)
                  20006fd8    00000038                                   : memory.c.obj (.text:minit)
                  20007010    00000036     driverlib.a : gpio.obj (.text:GPIODirModeSet)
                  20007046    00000030                 : pin.obj (.text:PinTypeGPIO)
                  20007076    00000002     --HOLE-- [fill = 0]
                  20007078    00000030                 : uart.obj (.text:UARTDisable)
                  200070a8    00000030     rtsv7M4_T_le_v4SPD16_eabi.lib : vsnprintf.c.obj (.text:_outs)
                  200070d8    0000002e                                   : i_tofd_t2.asm.obj (.text)
                  20007106    00000002     --HOLE-- [fill = 0]
                  20007108    0000002c     driverlib.a : prcm.obj (.text:PRCMSysResetCauseGet)
                  20007134    00000028                 : prcm.obj (.text:PRCMPeripheralClkDisable)
                  2000715c    00000028     rtsv7M4_T_le_v4SPD16_eabi.lib : memory.c.obj (.text:mremove)
                  20007184    00000024     driverlib.a : uart.obj (.text:UARTEnable)
                  200071a8    00000024     rtsv7M4_T_le_v4SPD16_eabi.lib : memmov.c.obj (.text:memmove)
                  200071cc    00000020     driverlib.a : gpio.obj (.text:GPIOPinWrite)
                  200071ec    0000001e                 : uart.obj (.text:UARTCharPut)
                  2000720a    0000001c                 : uart.obj (.text:UARTCharGetNonBlocking)
                  20007226    0000001c     rtsv7M4_T_le_v4SPD16_eabi.lib : memccpy.c.obj (.text:memccpy)
                  20007242    0000001a     driverlib.a : pin.obj (.text:PinTypeUART)
                  2000725c    00000018                 : gpio.obj (.text:GPIOPinRead)
                  20007274    00000018                 : uart.obj (.text:UARTCharsAvail)
                  2000728c    00000018     rtsv7M4_T_le_v4SPD16_eabi.lib : vsnprintf.c.obj (.text:_outc)
                  200072a4    00000016     driverlib.a : prcm.obj (.text:PRCMHIBRegRead)
                  200072ba    00000016                 : prcm.obj (.text:PRCMHIBRegWrite)
                  200072d0    00000016     rtsv7M4_T_le_v4SPD16_eabi.lib : strchr.c.obj (.text:strchr)
                  200072e6    00000014     driverlib.a : cpu.obj (.text:CPUcpsie)
                  200072fa    00000002     --HOLE-- [fill = 0]
                  200072fc    00000014                 : interrupt.obj (.text:IntVTableBaseSet)
                  20007310    00000014     rtsv7M4_T_le_v4SPD16_eabi.lib : s_copysign.c.obj (.text:copysign)
                  20007324    00000014                                   : strlen.c.obj (.text:strlen)
                  20007338    00000012                                   : copy_zero_init.c.obj (.text:decompress:ZI:__TI_zero_init_nomemset:__TI_zero_init_nomemset)
                  2000734a    00000012                                   : wcslen.c.obj (.text:wcslen)
                  2000735c    0000000e                                   : copy_decompress_none.c.obj (.text:decompress:none:__TI_decompress_none)
                  2000736a    0000000e     startup_ccs.obj (.text)
                  20007378    0000000a     driverlib.a : interrupt.obj (.text:IntMasterEnable)
                  20007382    00000002     --HOLE-- [fill = 0]
                  20007384    00000008     rtsv7M4_T_le_v4SPD16_eabi.lib : errno.c.obj (.text:__aeabi_errno_addr)
                  2000738c    00000006     driverlib.a : utils.obj (.text:UtilsDelay)
                  20007392    00000004     rtsv7M4_T_le_v4SPD16_eabi.lib : pre_init.c.obj (.text:_system_pre_init)
                  20007396    00000004                                   : exit.c.obj (.text:abort:abort)

.const     0    2000739c    0000032c     
                  2000739c    00000101     rtsv7M4_T_le_v4SPD16_eabi.lib : ctype.c.obj (.const:.string:_ctypes_)
                  2000749d    00000003     --HOLE-- [fill = 0]
                  200074a0    00000100     driverlib.a : pin.obj (.const:g_ulPinToPadMap)
                  200075a0    000000a8                 : prcm.obj (.const:PRCM_PeriphRegsList)
                  20007648    00000080                 : interrupt.obj (.const)

.cinit     0    200076c8    00000040     
                  200076c8    0000001a     (.cinit..data.load) [load image, compression = lzss]
                  200076e2    00000002     --HOLE-- [fill = 0]
                  200076e4    0000000c     (__TI_handler_table)
                  200076f0    00000008     (.cinit..bss.load) [load image, compression = zero_init]
                  200076f8    00000010     (__TI_cinit_table)

.sysmem    0    2001d000    00000800     UNINITIALIZED
                  2001d000    00000008     rtsv7M4_T_le_v4SPD16_eabi.lib : memory.c.obj (.sysmem)
                  2001d008    000007f8     --HOLE--

.data      0    2001d800    00000018     UNINITIALIZED
                  2001d800    0000000c     rtsv7M4_T_le_v4SPD16_eabi.lib : memory.c.obj (.data:$O1$$)
                  2001d80c    00000008                                   : _lock.c.obj (.data:$O1$$)
                  2001d814    00000004                                   : errno.c.obj (.data)

.bss       0    2001d818    00000004     UNINITIALIZED
                  2001d818    00000004     uart_if.obj (.bss)

.stack     0    2003f800    00000800     UNINITIALIZED
                  2003f800    00000004     rtsv7M4_T_le_v4SPD16_eabi.lib : boot_cortex_m.c.obj (.stack)
                  2003f804    000007fc     --HOLE--

MODULE SUMMARY

       Module                       code    ro data   rw data
       ------                       ----    -------   -------
    .\
       startup_ccs.obj              14      1024      0      
       main.obj                     652     0         0      
       uart_if.obj                  640     0         4      
       functions.obj                316     0         0      
       pin_mux_config.obj           312     0         0      
    +--+----------------------------+-------+---------+---------+
       Total:                       1934    1024      4      
                                                             
    C:/ti/CC3200SDK_1.3.0/cc3200-sdk/driverlib/ccs/Release/driverlib.a
       prcm.obj                     800     168       0      
       pin.obj                      274     256       0      
       interrupt.obj                198     128       0      
       uart.obj                     284     0         0      
       gpio.obj                     110     0         0      
       cpu.obj                      20      0         0      
       utils.obj                    6       0         0      
    +--+----------------------------+-------+---------+---------+
       Total:                       1692    552       0      
                                                             
    C:\ti\ccsv8\tools\compiler\ti-cgt-arm_18.1.4.LTS\lib\rtsv7M4_T_le_v4SPD16_eabi.lib
       _printfi.c.obj               4867    0         0      
       memory.c.obj                 768     0         12     
       fd_add_t2.asm.obj            438     0         0      
       fd_div_t2.asm.obj            310     0         0      
       s_scalbn.c.obj               272     0         0      
       fd_cmp_t2.asm.obj            268     0         0      
       ctype.c.obj                  0       257       0      
       fd_mul_t2.asm.obj            252     0         0      
       memcpy_t2.asm.obj            156     0         0      
       ull_div_t2.asm.obj           150     0         0      
       vsnprintf.c.obj              136     0         0      
       memset_t2.asm.obj            122     0         0      
       copy_decompress_lzss.c.obj   104     0         0      
       s_frexp.c.obj                100     0         0      
       ltoa.c.obj                   84      0         0      
       atoi.c.obj                   76      0         0      
       fd_toi_t2.asm.obj            72      0         0      
       autoinit.c.obj               68      0         0      
       boot_cortex_m.c.obj          56      0         0      
       i_tofd_t2.asm.obj            46      0         0      
       memmov.c.obj                 36      0         0      
       memccpy.c.obj                28      0         0      
       strchr.c.obj                 22      0         0      
       s_copysign.c.obj             20      0         0      
       strlen.c.obj                 20      0         0      
       copy_zero_init.c.obj         18      0         0      
       wcslen.c.obj                 18      0         0      
       copy_decompress_none.c.obj   14      0         0      
       errno.c.obj                  8       0         4      
       _lock.c.obj                  2       0         8      
       exit.c.obj                   4       0         0      
       pre_init.c.obj               4       0         0      
       div0.asm.obj                 2       0         0      
    +--+----------------------------+-------+---------+---------+
       Total:                       8541    257       24     
                                                             
       Heap:                        0       0         2048   
       Stack:                       0       0         2048   
       Linker Generated:            0       62        0      
    +--+----------------------------+-------+---------+---------+
       Grand Total:                 12167   1895      4124   


LINKER GENERATED COPY TABLES

__TI_cinit_table @ 200076f8 records: 2, size/record: 8, table size: 16
	.data: load addr=200076c8, load size=0000001a bytes, run addr=2001d800, run size=00000018 bytes, compression=lzss
	.bss: load addr=200076f0, load size=00000008 bytes, run addr=2001d818, run size=00000004 bytes, compression=zero_init


LINKER GENERATED HANDLER TABLE

__TI_handler_table @ 200076e4 records: 3, size/record: 4, table size: 12
	index: 0, handler: __TI_decompress_lzss
	index: 1, handler: __TI_decompress_none
	index: 2, handler: __TI_zero_init


GLOBAL SYMBOLS: SORTED ALPHABETICALLY BY Name 

address   name                          
-------   ----                          
20007397  C$$EXIT                       
200072e7  CPUcpsie                      
2000512d  ClearTerm                     
20005137  Error                         
20007011  GPIODirModeSet                
2000725d  GPIOPinRead                   
200071cd  GPIOPinWrite                  
2000516f  GetCmd                        
200050ed  InitTerm                      
20006595  IntEnable                     
20007379  IntMasterEnable               
200072fd  IntVTableBaseSet              
20005c19  LEDBinaryCount                
20005ce7  LEDUnisonBlink                
2000510b  Message                       
20005965  PRCMCC3200MCUInit             
200072a5  PRCMHIBRegRead                
200072bb  PRCMHIBRegWrite               
20007135  PRCMPeripheralClkDisable      
20006f29  PRCMPeripheralClkEnable       
20006771  PRCMPeripheralClockGet        
20006c3d  PRCMPeripheralReset           
20007109  PRCMSysResetCauseGet          
20006805  PinConfigSet                  
20006e69  PinModeSet                    
20005d55  PinMuxConfig                  
20007047  PinTypeGPIO                   
20007243  PinTypeUART                   
200052ad  Report                        
2000736b  ResetISR                      
20005215  TrimSpace                     
2000720b  UARTCharGetNonBlocking        
200071ed  UARTCharPut                   
20007275  UARTCharsAvail                
20006a8d  UARTConfigSetExpClk           
20007079  UARTDisable                   
20007185  UARTEnable                    
2000738d  UtilsDelay                    
20040000  __STACK_END                   
00000800  __STACK_SIZE                  
00000800  __SYSMEM_SIZE                 
200076f8  __TI_CINIT_Base               
20007708  __TI_CINIT_Limit              
200076e4  __TI_Handler_Table_Base       
200076f0  __TI_Handler_Table_Limit      
20006e25  __TI_auto_init_nobinit_nopinit
20006b71  __TI_decompress_lzss          
2000735d  __TI_decompress_none          
ffffffff  __TI_pprof_out_hndl           
20004401  __TI_printfi                  
ffffffff  __TI_prof_data_size           
ffffffff  __TI_prof_data_start          
200076c8  __TI_static_base__            
20007339  __TI_zero_init_nomemset       
2000688d  __aeabi_cdcmpeq               
2000688d  __aeabi_cdcmple               
20006913  __aeabi_cdrcmple              
20006ddd  __aeabi_d2iz                  
200057b7  __aeabi_dadd                  
20005e8d  __aeabi_ddiv                  
2000630d  __aeabi_dmul                  
200057ad  __aeabi_dsub                  
20007385  __aeabi_errno_addr            
200070d9  __aeabi_i2d                   
20005963  __aeabi_idiv0                 
20005963  __aeabi_ldiv0                 
20006999  __aeabi_memclr                
20006999  __aeabi_memclr4               
20006999  __aeabi_memclr8               
2000663d  __aeabi_memcpy                
2000663d  __aeabi_memcpy4               
2000663d  __aeabi_memcpy8               
2000699b  __aeabi_memset                
2000699b  __aeabi_memset4               
2000699b  __aeabi_memset8               
200066d9  __aeabi_uldivmod              
ffffffff  __binit__                     
ffffffff  __c_args__                    
UNDEFED   __mpu_init                    
2003f800  __stack                       
20006fa1  _c_int00_noargs               
2000739c  _ctypes_                      
2001d80c  _lock                         
20004e5f  _nop                          
2001d000  _sys_memory                   
UNDEFED   _system_post_cinit            
20007393  _system_pre_init              
2001d810  _unlock                       
20007397  abort                         
20006d91  atoi                          
ffffffff  binit                         
20007311  copysign                      
20007311  copysignl                     
2001d814  errno                         
20006409  free                          
20006bd9  frexp                         
20006bd9  frexpl                        
20004000  g_pfnVectors                  
200061fd  ldexp                         
200061fd  ldexpl                        
20006ceb  ltoa                          
20004e79  main                          
20006a15  malloc                        
20007227  memccpy                       
2000663d  memcpy                        
200071a9  memmove                       
200069a1  memset                        
20006fd9  minit                         
200060e9  realloc                       
200061fd  scalbn                        
200061fd  scalbnl                       
200072d1  strchr                        
20007325  strlen                        
20006ea9  vsnprintf                     
2000734b  wcslen                        


GLOBAL SYMBOLS: SORTED BY Symbol Address 

address   name                          
-------   ----                          
00000800  __STACK_SIZE                  
00000800  __SYSMEM_SIZE                 
20004000  g_pfnVectors                  
20004401  __TI_printfi                  
20004e5f  _nop                          
20004e79  main                          
200050ed  InitTerm                      
2000510b  Message                       
2000512d  ClearTerm                     
20005137  Error                         
2000516f  GetCmd                        
20005215  TrimSpace                     
200052ad  Report                        
200057ad  __aeabi_dsub                  
200057b7  __aeabi_dadd                  
20005963  __aeabi_idiv0                 
20005963  __aeabi_ldiv0                 
20005965  PRCMCC3200MCUInit             
20005c19  LEDBinaryCount                
20005ce7  LEDUnisonBlink                
20005d55  PinMuxConfig                  
20005e8d  __aeabi_ddiv                  
200060e9  realloc                       
200061fd  ldexp                         
200061fd  ldexpl                        
200061fd  scalbn                        
200061fd  scalbnl                       
2000630d  __aeabi_dmul                  
20006409  free                          
20006595  IntEnable                     
2000663d  __aeabi_memcpy                
2000663d  __aeabi_memcpy4               
2000663d  __aeabi_memcpy8               
2000663d  memcpy                        
200066d9  __aeabi_uldivmod              
20006771  PRCMPeripheralClockGet        
20006805  PinConfigSet                  
2000688d  __aeabi_cdcmpeq               
2000688d  __aeabi_cdcmple               
20006913  __aeabi_cdrcmple              
20006999  __aeabi_memclr                
20006999  __aeabi_memclr4               
20006999  __aeabi_memclr8               
2000699b  __aeabi_memset                
2000699b  __aeabi_memset4               
2000699b  __aeabi_memset8               
200069a1  memset                        
20006a15  malloc                        
20006a8d  UARTConfigSetExpClk           
20006b71  __TI_decompress_lzss          
20006bd9  frexp                         
20006bd9  frexpl                        
20006c3d  PRCMPeripheralReset           
20006ceb  ltoa                          
20006d91  atoi                          
20006ddd  __aeabi_d2iz                  
20006e25  __TI_auto_init_nobinit_nopinit
20006e69  PinModeSet                    
20006ea9  vsnprintf                     
20006f29  PRCMPeripheralClkEnable       
20006fa1  _c_int00_noargs               
20006fd9  minit                         
20007011  GPIODirModeSet                
20007047  PinTypeGPIO                   
20007079  UARTDisable                   
200070d9  __aeabi_i2d                   
20007109  PRCMSysResetCauseGet          
20007135  PRCMPeripheralClkDisable      
20007185  UARTEnable                    
200071a9  memmove                       
200071cd  GPIOPinWrite                  
200071ed  UARTCharPut                   
2000720b  UARTCharGetNonBlocking        
20007227  memccpy                       
20007243  PinTypeUART                   
2000725d  GPIOPinRead                   
20007275  UARTCharsAvail                
200072a5  PRCMHIBRegRead                
200072bb  PRCMHIBRegWrite               
200072d1  strchr                        
200072e7  CPUcpsie                      
200072fd  IntVTableBaseSet              
20007311  copysign                      
20007311  copysignl                     
20007325  strlen                        
20007339  __TI_zero_init_nomemset       
2000734b  wcslen                        
2000735d  __TI_decompress_none          
2000736b  ResetISR                      
20007379  IntMasterEnable               
20007385  __aeabi_errno_addr            
2000738d  UtilsDelay                    
20007393  _system_pre_init              
20007397  C$$EXIT                       
20007397  abort                         
2000739c  _ctypes_                      
200076c8  __TI_static_base__            
200076e4  __TI_Handler_Table_Base       
200076f0  __TI_Handler_Table_Limit      
200076f8  __TI_CINIT_Base               
20007708  __TI_CINIT_Limit              
2001d000  _sys_memory                   
2001d80c  _lock                         
2001d810  _unlock                       
2001d814  errno                         
2003f800  __stack                       
20040000  __STACK_END                   
ffffffff  __TI_pprof_out_hndl           
ffffffff  __TI_prof_data_size           
ffffffff  __TI_prof_data_start          
ffffffff  __binit__                     
ffffffff  __c_args__                    
ffffffff  binit                         
UNDEFED   __mpu_init                    
UNDEFED   _system_post_cinit            

[115 symbols]
