<?xml version="1.0" encoding="ISO-8859-1" ?>
<link_info>
   <banner>TI ARM Linker PC v18.1.4.LTS</banner>
   <copyright>Copyright (c) 1996-2018 Texas Instruments Incorporated</copyright>
   <link_time>0x5c3ad9d1</link_time>
   <link_errors>0x0</link_errors>
   <output_file>Lab1.out</output_file>
   <entry_point>
      <name>_c_int00_noargs</name>
      <address>0x20006fd1</address>
   </entry_point>
   <input_file_list>
      <input_file id="fl-2">
         <path>.\</path>
         <kind>object</kind>
         <file>functions.obj</file>
         <name>functions.obj</name>
      </input_file>
      <input_file id="fl-3">
         <path>.\</path>
         <kind>object</kind>
         <file>main.obj</file>
         <name>main.obj</name>
      </input_file>
      <input_file id="fl-4">
         <path>.\</path>
         <kind>object</kind>
         <file>pin_mux_config.obj</file>
         <name>pin_mux_config.obj</name>
      </input_file>
      <input_file id="fl-5">
         <path>.\</path>
         <kind>object</kind>
         <file>startup_ccs.obj</file>
         <name>startup_ccs.obj</name>
      </input_file>
      <input_file id="fl-6">
         <path>.\</path>
         <kind>object</kind>
         <file>uart_if.obj</file>
         <name>uart_if.obj</name>
      </input_file>
      <input_file id="fl-b">
         <kind>object</kind>
         <file>&lt;internal&gt;</file>
         <name>&lt;internal&gt;</name>
      </input_file>
      <input_file id="fl-c1">
         <path>C:\ti\ccsv8\tools\compiler\ti-cgt-arm_18.1.4.LTS\lib\</path>
         <kind>archive</kind>
         <file>rtsv7M4_T_le_v4SPD16_eabi.lib</file>
         <name>copy_zero_init.c.obj</name>
      </input_file>
      <input_file id="fl-c2">
         <path>C:\ti\ccsv8\tools\compiler\ti-cgt-arm_18.1.4.LTS\lib\</path>
         <kind>archive</kind>
         <file>rtsv7M4_T_le_v4SPD16_eabi.lib</file>
         <name>copy_decompress_none.c.obj</name>
      </input_file>
      <input_file id="fl-c3">
         <path>C:\ti\ccsv8\tools\compiler\ti-cgt-arm_18.1.4.LTS\lib\</path>
         <kind>archive</kind>
         <file>rtsv7M4_T_le_v4SPD16_eabi.lib</file>
         <name>copy_decompress_lzss.c.obj</name>
      </input_file>
      <input_file id="fl-c4">
         <path>C:\ti\ccsv8\tools\compiler\ti-cgt-arm_18.1.4.LTS\lib\</path>
         <kind>archive</kind>
         <file>rtsv7M4_T_le_v4SPD16_eabi.lib</file>
         <name>boot_cortex_m.c.obj</name>
      </input_file>
      <input_file id="fl-c5">
         <path>C:\ti\ccsv8\tools\compiler\ti-cgt-arm_18.1.4.LTS\lib\</path>
         <kind>archive</kind>
         <file>rtsv7M4_T_le_v4SPD16_eabi.lib</file>
         <name>exit.c.obj</name>
      </input_file>
      <input_file id="fl-c6">
         <path>C:\ti\ccsv8\tools\compiler\ti-cgt-arm_18.1.4.LTS\lib\</path>
         <kind>archive</kind>
         <file>rtsv7M4_T_le_v4SPD16_eabi.lib</file>
         <name>memory.c.obj</name>
      </input_file>
      <input_file id="fl-c7">
         <path>C:\ti\ccsv8\tools\compiler\ti-cgt-arm_18.1.4.LTS\lib\</path>
         <kind>archive</kind>
         <file>rtsv7M4_T_le_v4SPD16_eabi.lib</file>
         <name>_lock.c.obj</name>
      </input_file>
      <input_file id="fl-c8">
         <path>C:\ti\ccsv8\tools\compiler\ti-cgt-arm_18.1.4.LTS\lib\</path>
         <kind>archive</kind>
         <file>rtsv7M4_T_le_v4SPD16_eabi.lib</file>
         <name>args_main.c.obj</name>
      </input_file>
      <input_file id="fl-c9">
         <path>C:\ti\ccsv8\tools\compiler\ti-cgt-arm_18.1.4.LTS\lib\</path>
         <kind>archive</kind>
         <file>rtsv7M4_T_le_v4SPD16_eabi.lib</file>
         <name>memmov.c.obj</name>
      </input_file>
      <input_file id="fl-ca">
         <path>C:\ti\ccsv8\tools\compiler\ti-cgt-arm_18.1.4.LTS\lib\</path>
         <kind>archive</kind>
         <file>rtsv7M4_T_le_v4SPD16_eabi.lib</file>
         <name>strlen.c.obj</name>
      </input_file>
      <input_file id="fl-cb">
         <path>C:\ti\ccsv8\tools\compiler\ti-cgt-arm_18.1.4.LTS\lib\</path>
         <kind>archive</kind>
         <file>rtsv7M4_T_le_v4SPD16_eabi.lib</file>
         <name>vsnprintf.c.obj</name>
      </input_file>
      <input_file id="fl-cc">
         <path>C:\ti\ccsv8\tools\compiler\ti-cgt-arm_18.1.4.LTS\lib\</path>
         <kind>archive</kind>
         <file>rtsv7M4_T_le_v4SPD16_eabi.lib</file>
         <name>memcpy_t2.asm.obj</name>
      </input_file>
      <input_file id="fl-cd">
         <path>C:\ti\ccsv8\tools\compiler\ti-cgt-arm_18.1.4.LTS\lib\</path>
         <kind>archive</kind>
         <file>rtsv7M4_T_le_v4SPD16_eabi.lib</file>
         <name>memset_t2.asm.obj</name>
      </input_file>
      <input_file id="fl-ce">
         <path>C:\ti\ccsv8\tools\compiler\ti-cgt-arm_18.1.4.LTS\lib\</path>
         <kind>archive</kind>
         <file>rtsv7M4_T_le_v4SPD16_eabi.lib</file>
         <name>autoinit.c.obj</name>
      </input_file>
      <input_file id="fl-cf">
         <path>C:\ti\ccsv8\tools\compiler\ti-cgt-arm_18.1.4.LTS\lib\</path>
         <kind>archive</kind>
         <file>rtsv7M4_T_le_v4SPD16_eabi.lib</file>
         <name>pre_init.c.obj</name>
      </input_file>
      <input_file id="fl-d0">
         <path>C:\ti\ccsv8\tools\compiler\ti-cgt-arm_18.1.4.LTS\lib\</path>
         <kind>archive</kind>
         <file>rtsv7M4_T_le_v4SPD16_eabi.lib</file>
         <name>cpy_tbl.c.obj</name>
      </input_file>
      <input_file id="fl-d1">
         <path>C:\ti\ccsv8\tools\compiler\ti-cgt-arm_18.1.4.LTS\lib\</path>
         <kind>archive</kind>
         <file>rtsv7M4_T_le_v4SPD16_eabi.lib</file>
         <name>_printfi.c.obj</name>
      </input_file>
      <input_file id="fl-d2">
         <path>C:\ti\ccsv8\tools\compiler\ti-cgt-arm_18.1.4.LTS\lib\</path>
         <kind>archive</kind>
         <file>rtsv7M4_T_le_v4SPD16_eabi.lib</file>
         <name>atoi.c.obj</name>
      </input_file>
      <input_file id="fl-d3">
         <path>C:\ti\ccsv8\tools\compiler\ti-cgt-arm_18.1.4.LTS\lib\</path>
         <kind>archive</kind>
         <file>rtsv7M4_T_le_v4SPD16_eabi.lib</file>
         <name>ctype.c.obj</name>
      </input_file>
      <input_file id="fl-d4">
         <path>C:\ti\ccsv8\tools\compiler\ti-cgt-arm_18.1.4.LTS\lib\</path>
         <kind>archive</kind>
         <file>rtsv7M4_T_le_v4SPD16_eabi.lib</file>
         <name>ltoa.c.obj</name>
      </input_file>
      <input_file id="fl-d5">
         <path>C:\ti\ccsv8\tools\compiler\ti-cgt-arm_18.1.4.LTS\lib\</path>
         <kind>archive</kind>
         <file>rtsv7M4_T_le_v4SPD16_eabi.lib</file>
         <name>memccpy.c.obj</name>
      </input_file>
      <input_file id="fl-d6">
         <path>C:\ti\ccsv8\tools\compiler\ti-cgt-arm_18.1.4.LTS\lib\</path>
         <kind>archive</kind>
         <file>rtsv7M4_T_le_v4SPD16_eabi.lib</file>
         <name>strchr.c.obj</name>
      </input_file>
      <input_file id="fl-d7">
         <path>C:\ti\ccsv8\tools\compiler\ti-cgt-arm_18.1.4.LTS\lib\</path>
         <kind>archive</kind>
         <file>rtsv7M4_T_le_v4SPD16_eabi.lib</file>
         <name>wcslen.c.obj</name>
      </input_file>
      <input_file id="fl-d8">
         <path>C:\ti\ccsv8\tools\compiler\ti-cgt-arm_18.1.4.LTS\lib\</path>
         <kind>archive</kind>
         <file>rtsv7M4_T_le_v4SPD16_eabi.lib</file>
         <name>s_frexp.c.obj</name>
      </input_file>
      <input_file id="fl-d9">
         <path>C:\ti\ccsv8\tools\compiler\ti-cgt-arm_18.1.4.LTS\lib\</path>
         <kind>archive</kind>
         <file>rtsv7M4_T_le_v4SPD16_eabi.lib</file>
         <name>s_scalbn.c.obj</name>
      </input_file>
      <input_file id="fl-da">
         <path>C:\ti\ccsv8\tools\compiler\ti-cgt-arm_18.1.4.LTS\lib\</path>
         <kind>archive</kind>
         <file>rtsv7M4_T_le_v4SPD16_eabi.lib</file>
         <name>fd_add_t2.asm.obj</name>
      </input_file>
      <input_file id="fl-db">
         <path>C:\ti\ccsv8\tools\compiler\ti-cgt-arm_18.1.4.LTS\lib\</path>
         <kind>archive</kind>
         <file>rtsv7M4_T_le_v4SPD16_eabi.lib</file>
         <name>fd_cmp_t2.asm.obj</name>
      </input_file>
      <input_file id="fl-dc">
         <path>C:\ti\ccsv8\tools\compiler\ti-cgt-arm_18.1.4.LTS\lib\</path>
         <kind>archive</kind>
         <file>rtsv7M4_T_le_v4SPD16_eabi.lib</file>
         <name>fd_div_t2.asm.obj</name>
      </input_file>
      <input_file id="fl-dd">
         <path>C:\ti\ccsv8\tools\compiler\ti-cgt-arm_18.1.4.LTS\lib\</path>
         <kind>archive</kind>
         <file>rtsv7M4_T_le_v4SPD16_eabi.lib</file>
         <name>fd_mul_t2.asm.obj</name>
      </input_file>
      <input_file id="fl-de">
         <path>C:\ti\ccsv8\tools\compiler\ti-cgt-arm_18.1.4.LTS\lib\</path>
         <kind>archive</kind>
         <file>rtsv7M4_T_le_v4SPD16_eabi.lib</file>
         <name>fd_toi_t2.asm.obj</name>
      </input_file>
      <input_file id="fl-df">
         <path>C:\ti\ccsv8\tools\compiler\ti-cgt-arm_18.1.4.LTS\lib\</path>
         <kind>archive</kind>
         <file>rtsv7M4_T_le_v4SPD16_eabi.lib</file>
         <name>i_tofd_t2.asm.obj</name>
      </input_file>
      <input_file id="fl-e0">
         <path>C:\ti\ccsv8\tools\compiler\ti-cgt-arm_18.1.4.LTS\lib\</path>
         <kind>archive</kind>
         <file>rtsv7M4_T_le_v4SPD16_eabi.lib</file>
         <name>ull_div_t2.asm.obj</name>
      </input_file>
      <input_file id="fl-e1">
         <path>C:\ti\ccsv8\tools\compiler\ti-cgt-arm_18.1.4.LTS\lib\</path>
         <kind>archive</kind>
         <file>rtsv7M4_T_le_v4SPD16_eabi.lib</file>
         <name>errno.c.obj</name>
      </input_file>
      <input_file id="fl-e2">
         <path>C:\ti\ccsv8\tools\compiler\ti-cgt-arm_18.1.4.LTS\lib\</path>
         <kind>archive</kind>
         <file>rtsv7M4_T_le_v4SPD16_eabi.lib</file>
         <name>s_copysign.c.obj</name>
      </input_file>
      <input_file id="fl-e3">
         <path>C:\ti\ccsv8\tools\compiler\ti-cgt-arm_18.1.4.LTS\lib\</path>
         <kind>archive</kind>
         <file>rtsv7M4_T_le_v4SPD16_eabi.lib</file>
         <name>div0.asm.obj</name>
      </input_file>
      <input_file id="fl-e4">
         <path>C:\ti\CC3200SDK_1.3.0\cc3200-sdk\driverlib\ccs\Release\</path>
         <kind>archive</kind>
         <file>driverlib.a</file>
         <name>gpio.obj</name>
      </input_file>
      <input_file id="fl-e5">
         <path>C:\ti\CC3200SDK_1.3.0\cc3200-sdk\driverlib\ccs\Release\</path>
         <kind>archive</kind>
         <file>driverlib.a</file>
         <name>interrupt.obj</name>
      </input_file>
      <input_file id="fl-e6">
         <path>C:\ti\CC3200SDK_1.3.0\cc3200-sdk\driverlib\ccs\Release\</path>
         <kind>archive</kind>
         <file>driverlib.a</file>
         <name>pin.obj</name>
      </input_file>
      <input_file id="fl-e7">
         <path>C:\ti\CC3200SDK_1.3.0\cc3200-sdk\driverlib\ccs\Release\</path>
         <kind>archive</kind>
         <file>driverlib.a</file>
         <name>prcm.obj</name>
      </input_file>
      <input_file id="fl-e8">
         <path>C:\ti\CC3200SDK_1.3.0\cc3200-sdk\driverlib\ccs\Release\</path>
         <kind>archive</kind>
         <file>driverlib.a</file>
         <name>uart.obj</name>
      </input_file>
      <input_file id="fl-e9">
         <path>C:\ti\CC3200SDK_1.3.0\cc3200-sdk\driverlib\ccs\Release\</path>
         <kind>archive</kind>
         <file>driverlib.a</file>
         <name>utils.obj</name>
      </input_file>
      <input_file id="fl-ea">
         <path>C:\ti\CC3200SDK_1.3.0\cc3200-sdk\driverlib\ccs\Release\</path>
         <kind>archive</kind>
         <file>driverlib.a</file>
         <name>cpu.obj</name>
      </input_file>
      <input_file id="fl-eb">
         <path>C:\ti\CC3200SDK_1.3.0\cc3200-sdk\driverlib\ccs\Release\</path>
         <kind>archive</kind>
         <file>driverlib.a</file>
         <name>flash.obj</name>
      </input_file>
   </input_file_list>
   <object_component_list>
      <object_component id="oc-f">
         <name>.intvecs</name>
         <load_address>0x20004000</load_address>
         <run_address>0x20004000</run_address>
         <size>0x400</size>
         <input_file_ref idref="fl-5"/>
      </object_component>
      <object_component id="oc-21d">
         <name>.text:__TI_printfi</name>
         <load_address>0x20004400</load_address>
         <run_address>0x20004400</run_address>
         <size>0xa5e</size>
         <input_file_ref idref="fl-d1"/>
      </object_component>
      <object_component id="oc-276">
         <name>.text:_nop</name>
         <load_address>0x20004e5e</load_address>
         <run_address>0x20004e5e</run_address>
         <size>0x2</size>
         <input_file_ref idref="fl-c7"/>
      </object_component>
      <object_component id="oc-94">
         <name>.text</name>
         <load_address>0x20004e60</load_address>
         <run_address>0x20004e60</run_address>
         <size>0x2bc</size>
         <input_file_ref idref="fl-3"/>
      </object_component>
      <object_component id="oc-da">
         <name>.text</name>
         <load_address>0x2000511c</load_address>
         <run_address>0x2000511c</run_address>
         <size>0x280</size>
         <input_file_ref idref="fl-6"/>
      </object_component>
      <object_component id="oc-2c5">
         <name>.text:_pconv_a</name>
         <load_address>0x2000539c</load_address>
         <run_address>0x2000539c</run_address>
         <size>0x270</size>
         <input_file_ref idref="fl-d1"/>
      </object_component>
      <object_component id="oc-2b3">
         <name>.text:_pconv_g</name>
         <load_address>0x2000560c</load_address>
         <run_address>0x2000560c</run_address>
         <size>0x1d0</size>
         <input_file_ref idref="fl-d1"/>
      </object_component>
      <object_component id="oc-335">
         <name>.text</name>
         <load_address>0x200057dc</load_address>
         <run_address>0x200057dc</run_address>
         <size>0x1b6</size>
         <input_file_ref idref="fl-da"/>
      </object_component>
      <object_component id="oc-38b">
         <name>.text</name>
         <load_address>0x20005992</load_address>
         <run_address>0x20005992</run_address>
         <size>0x2</size>
         <input_file_ref idref="fl-e3"/>
      </object_component>
      <object_component id="oc-d4">
         <name>.text:PRCMCC3200MCUInit</name>
         <load_address>0x20005994</load_address>
         <run_address>0x20005994</run_address>
         <size>0x178</size>
         <input_file_ref idref="fl-e7"/>
      </object_component>
      <object_component id="oc-2bf">
         <name>.text:_pconv_e</name>
         <load_address>0x20005b0c</load_address>
         <run_address>0x20005b0c</run_address>
         <size>0x13c</size>
         <input_file_ref idref="fl-d1"/>
      </object_component>
      <object_component id="oc-f2">
         <name>.text</name>
         <load_address>0x20005c48</load_address>
         <run_address>0x20005c48</run_address>
         <size>0x13c</size>
         <input_file_ref idref="fl-2"/>
      </object_component>
      <object_component id="oc-e0">
         <name>.text</name>
         <load_address>0x20005d84</load_address>
         <run_address>0x20005d84</run_address>
         <size>0x138</size>
         <input_file_ref idref="fl-4"/>
      </object_component>
      <object_component id="oc-31b">
         <name>.text</name>
         <load_address>0x20005ebc</load_address>
         <run_address>0x20005ebc</run_address>
         <size>0x136</size>
         <input_file_ref idref="fl-dc"/>
      </object_component>
      <object_component id="oc-347">
         <name>.text:fcvt</name>
         <load_address>0x20005ff4</load_address>
         <run_address>0x20005ff4</run_address>
         <size>0x124</size>
         <input_file_ref idref="fl-d1"/>
      </object_component>
      <object_component id="oc-1a6">
         <name>.text:realloc</name>
         <load_address>0x20006118</load_address>
         <run_address>0x20006118</run_address>
         <size>0x114</size>
         <input_file_ref idref="fl-c6"/>
      </object_component>
      <object_component id="oc-35b">
         <name>.text:scalbn</name>
         <load_address>0x2000622c</load_address>
         <run_address>0x2000622c</run_address>
         <size>0x110</size>
         <input_file_ref idref="fl-d9"/>
      </object_component>
      <object_component id="oc-316">
         <name>.text</name>
         <load_address>0x2000633c</load_address>
         <run_address>0x2000633c</run_address>
         <size>0xfc</size>
         <input_file_ref idref="fl-dd"/>
      </object_component>
      <object_component id="oc-1ac">
         <name>.text:free</name>
         <load_address>0x20006438</load_address>
         <run_address>0x20006438</run_address>
         <size>0xd8</size>
         <input_file_ref idref="fl-c6"/>
      </object_component>
      <object_component id="oc-2a8">
         <name>.text:_ltostr</name>
         <load_address>0x20006510</load_address>
         <run_address>0x20006510</run_address>
         <size>0xb1</size>
         <input_file_ref idref="fl-d1"/>
      </object_component>
      <object_component id="oc-ce">
         <name>.text:IntEnable</name>
         <load_address>0x200065c4</load_address>
         <run_address>0x200065c4</run_address>
         <size>0xa8</size>
         <input_file_ref idref="fl-e5"/>
      </object_component>
      <object_component id="oc-3a">
         <name>.text</name>
         <load_address>0x2000666c</load_address>
         <run_address>0x2000666c</run_address>
         <size>0x9c</size>
         <input_file_ref idref="fl-cc"/>
      </object_component>
      <object_component id="oc-30f">
         <name>.text</name>
         <load_address>0x20006708</load_address>
         <run_address>0x20006708</run_address>
         <size>0x96</size>
         <input_file_ref idref="fl-e0"/>
      </object_component>
      <object_component id="oc-170">
         <name>.text:PRCMPeripheralClockGet</name>
         <load_address>0x200067a0</load_address>
         <run_address>0x200067a0</run_address>
         <size>0x94</size>
         <input_file_ref idref="fl-e7"/>
      </object_component>
      <object_component id="oc-26b">
         <name>.text:PinConfigSet</name>
         <load_address>0x20006834</load_address>
         <run_address>0x20006834</run_address>
         <size>0x88</size>
         <input_file_ref idref="fl-e6"/>
      </object_component>
      <object_component id="oc-2ae">
         <name>.text:__aeabi_cdcmple</name>
         <load_address>0x200068bc</load_address>
         <run_address>0x200068bc</run_address>
         <size>0x86</size>
         <input_file_ref idref="fl-db"/>
      </object_component>
      <object_component id="oc-320">
         <name>.text:__aeabi_cdrcmple</name>
         <load_address>0x20006942</load_address>
         <run_address>0x20006942</run_address>
         <size>0x86</size>
         <input_file_ref idref="fl-db"/>
      </object_component>
      <object_component id="oc-88">
         <name>.text</name>
         <load_address>0x200069c8</load_address>
         <run_address>0x200069c8</run_address>
         <size>0x7a</size>
         <input_file_ref idref="fl-cd"/>
      </object_component>
      <object_component id="oc-1a0">
         <name>.text:malloc</name>
         <load_address>0x20006a44</load_address>
         <run_address>0x20006a44</run_address>
         <size>0x78</size>
         <input_file_ref idref="fl-c6"/>
      </object_component>
      <object_component id="oc-176">
         <name>.text:UARTConfigSetExpClk</name>
         <load_address>0x20006abc</load_address>
         <run_address>0x20006abc</run_address>
         <size>0x76</size>
         <input_file_ref idref="fl-e8"/>
      </object_component>
      <object_component id="oc-340">
         <name>.text:_mcpy</name>
         <load_address>0x20006b32</load_address>
         <run_address>0x20006b32</run_address>
         <size>0x6e</size>
         <input_file_ref idref="fl-d1"/>
      </object_component>
      <object_component id="oc-12">
         <name>.text:decompress:lzss:__TI_decompress_lzss</name>
         <load_address>0x20006ba0</load_address>
         <run_address>0x20006ba0</run_address>
         <size>0x68</size>
         <input_file_ref idref="fl-c3"/>
      </object_component>
      <object_component id="oc-355">
         <name>.text:frexp</name>
         <load_address>0x20006c08</load_address>
         <run_address>0x20006c08</run_address>
         <size>0x64</size>
         <input_file_ref idref="fl-d8"/>
      </object_component>
      <object_component id="oc-163">
         <name>.text:PRCMPeripheralReset</name>
         <load_address>0x20006c6c</load_address>
         <run_address>0x20006c6c</run_address>
         <size>0x58</size>
         <input_file_ref idref="fl-e7"/>
      </object_component>
      <object_component id="oc-2b9">
         <name>.text:_pconv_f</name>
         <load_address>0x20006cc4</load_address>
         <run_address>0x20006cc4</run_address>
         <size>0x56</size>
         <input_file_ref idref="fl-d1"/>
      </object_component>
      <object_component id="oc-32a">
         <name>.text:ltoa</name>
         <load_address>0x20006d1a</load_address>
         <run_address>0x20006d1a</run_address>
         <size>0x54</size>
         <input_file_ref idref="fl-d4"/>
      </object_component>
      <object_component id="oc-33a">
         <name>.text:_ecpy</name>
         <load_address>0x20006d6e</load_address>
         <run_address>0x20006d6e</run_address>
         <size>0x52</size>
         <input_file_ref idref="fl-d1"/>
      </object_component>
      <object_component id="oc-2a2">
         <name>.text:atoi</name>
         <load_address>0x20006dc0</load_address>
         <run_address>0x20006dc0</run_address>
         <size>0x4c</size>
         <input_file_ref idref="fl-d2"/>
      </object_component>
      <object_component id="oc-325">
         <name>.text</name>
         <load_address>0x20006e0c</load_address>
         <run_address>0x20006e0c</run_address>
         <size>0x48</size>
         <input_file_ref idref="fl-de"/>
      </object_component>
      <object_component id="oc-108">
         <name>.text:__TI_auto_init_nobinit_nopinit:__TI_auto_init_nobinit_nopinit</name>
         <load_address>0x20006e54</load_address>
         <run_address>0x20006e54</run_address>
         <size>0x44</size>
         <input_file_ref idref="fl-ce"/>
      </object_component>
      <object_component id="oc-1c1">
         <name>.text:PinModeSet</name>
         <load_address>0x20006e98</load_address>
         <run_address>0x20006e98</run_address>
         <size>0x40</size>
         <input_file_ref idref="fl-e6"/>
      </object_component>
      <object_component id="oc-182">
         <name>.text:vsnprintf</name>
         <load_address>0x20006ed8</load_address>
         <run_address>0x20006ed8</run_address>
         <size>0x40</size>
         <input_file_ref idref="fl-cb"/>
      </object_component>
      <object_component id="oc-34d">
         <name>.text:_fcpy</name>
         <load_address>0x20006f18</load_address>
         <run_address>0x20006f18</run_address>
         <size>0x3e</size>
         <input_file_ref idref="fl-d1"/>
      </object_component>
      <object_component id="oc-15d">
         <name>.text:PRCMPeripheralClkEnable</name>
         <load_address>0x20006f58</load_address>
         <run_address>0x20006f58</run_address>
         <size>0x3c</size>
         <input_file_ref idref="fl-e7"/>
      </object_component>
      <object_component id="oc-24d">
         <name>.text:minsert</name>
         <load_address>0x20006f94</load_address>
         <run_address>0x20006f94</run_address>
         <size>0x3c</size>
         <input_file_ref idref="fl-c6"/>
      </object_component>
      <object_component id="oc-58">
         <name>.text:_c_int00_noargs:_c_int00_noargs</name>
         <load_address>0x20006fd0</load_address>
         <run_address>0x20006fd0</run_address>
         <size>0x38</size>
         <input_file_ref idref="fl-c4"/>
      </object_component>
      <object_component id="oc-241">
         <name>.text:minit</name>
         <load_address>0x20007008</load_address>
         <run_address>0x20007008</run_address>
         <size>0x38</size>
         <input_file_ref idref="fl-c6"/>
      </object_component>
      <object_component id="oc-1cd">
         <name>.text:GPIODirModeSet</name>
         <load_address>0x20007040</load_address>
         <run_address>0x20007040</run_address>
         <size>0x36</size>
         <input_file_ref idref="fl-e4"/>
      </object_component>
      <object_component id="oc-1c7">
         <name>.text:PinTypeGPIO</name>
         <load_address>0x20007076</load_address>
         <run_address>0x20007076</run_address>
         <size>0x30</size>
         <input_file_ref idref="fl-e6"/>
      </object_component>
      <object_component id="oc-20f">
         <name>.text:UARTDisable</name>
         <load_address>0x200070a8</load_address>
         <run_address>0x200070a8</run_address>
         <size>0x30</size>
         <input_file_ref idref="fl-e8"/>
      </object_component>
      <object_component id="oc-223">
         <name>.text:_outs</name>
         <load_address>0x200070d8</load_address>
         <run_address>0x200070d8</run_address>
         <size>0x30</size>
         <input_file_ref idref="fl-cb"/>
      </object_component>
      <object_component id="oc-330">
         <name>.text</name>
         <load_address>0x20007108</load_address>
         <run_address>0x20007108</run_address>
         <size>0x2e</size>
         <input_file_ref idref="fl-df"/>
      </object_component>
      <object_component id="oc-14b">
         <name>.text:PRCMSysResetCauseGet</name>
         <load_address>0x20007138</load_address>
         <run_address>0x20007138</run_address>
         <size>0x2c</size>
         <input_file_ref idref="fl-e7"/>
      </object_component>
      <object_component id="oc-169">
         <name>.text:PRCMPeripheralClkDisable</name>
         <load_address>0x20007164</load_address>
         <run_address>0x20007164</run_address>
         <size>0x28</size>
         <input_file_ref idref="fl-e7"/>
      </object_component>
      <object_component id="oc-247">
         <name>.text:mremove</name>
         <load_address>0x2000718c</load_address>
         <run_address>0x2000718c</run_address>
         <size>0x28</size>
         <input_file_ref idref="fl-c6"/>
      </object_component>
      <object_component id="oc-215">
         <name>.text:UARTEnable</name>
         <load_address>0x200071b4</load_address>
         <run_address>0x200071b4</run_address>
         <size>0x24</size>
         <input_file_ref idref="fl-e8"/>
      </object_component>
      <object_component id="oc-19a">
         <name>.text:memmove</name>
         <load_address>0x200071d8</load_address>
         <run_address>0x200071d8</run_address>
         <size>0x24</size>
         <input_file_ref idref="fl-c9"/>
      </object_component>
      <object_component id="oc-ec">
         <name>.text:GPIOPinWrite</name>
         <load_address>0x200071fc</load_address>
         <run_address>0x200071fc</run_address>
         <size>0x20</size>
         <input_file_ref idref="fl-e4"/>
      </object_component>
      <object_component id="oc-17c">
         <name>.text:UARTCharPut</name>
         <load_address>0x2000721c</load_address>
         <run_address>0x2000721c</run_address>
         <size>0x1e</size>
         <input_file_ref idref="fl-e8"/>
      </object_component>
      <object_component id="oc-18e">
         <name>.text:UARTCharGetNonBlocking</name>
         <load_address>0x2000723a</load_address>
         <run_address>0x2000723a</run_address>
         <size>0x1c</size>
         <input_file_ref idref="fl-e8"/>
      </object_component>
      <object_component id="oc-2cb">
         <name>.text:memccpy</name>
         <load_address>0x20007256</load_address>
         <run_address>0x20007256</run_address>
         <size>0x1c</size>
         <input_file_ref idref="fl-d5"/>
      </object_component>
      <object_component id="oc-1d3">
         <name>.text:PinTypeUART</name>
         <load_address>0x20007272</load_address>
         <run_address>0x20007272</run_address>
         <size>0x1a</size>
         <input_file_ref idref="fl-e6"/>
      </object_component>
      <object_component id="oc-e6">
         <name>.text:GPIOPinRead</name>
         <load_address>0x2000728c</load_address>
         <run_address>0x2000728c</run_address>
         <size>0x18</size>
         <input_file_ref idref="fl-e4"/>
      </object_component>
      <object_component id="oc-188">
         <name>.text:UARTCharsAvail</name>
         <load_address>0x200072a4</load_address>
         <run_address>0x200072a4</run_address>
         <size>0x18</size>
         <input_file_ref idref="fl-e8"/>
      </object_component>
      <object_component id="oc-229">
         <name>.text:_outc</name>
         <load_address>0x200072bc</load_address>
         <run_address>0x200072bc</run_address>
         <size>0x18</size>
         <input_file_ref idref="fl-cb"/>
      </object_component>
      <object_component id="oc-151">
         <name>.text:PRCMHIBRegRead</name>
         <load_address>0x200072d4</load_address>
         <run_address>0x200072d4</run_address>
         <size>0x16</size>
         <input_file_ref idref="fl-e7"/>
      </object_component>
      <object_component id="oc-157">
         <name>.text:PRCMHIBRegWrite</name>
         <load_address>0x200072ea</load_address>
         <run_address>0x200072ea</run_address>
         <size>0x16</size>
         <input_file_ref idref="fl-e7"/>
      </object_component>
      <object_component id="oc-361">
         <name>.text:strchr</name>
         <load_address>0x20007300</load_address>
         <run_address>0x20007300</run_address>
         <size>0x16</size>
         <input_file_ref idref="fl-d6"/>
      </object_component>
      <object_component id="oc-13b">
         <name>.text:CPUcpsie</name>
         <load_address>0x20007316</load_address>
         <run_address>0x20007316</run_address>
         <size>0x14</size>
         <input_file_ref idref="fl-ea"/>
      </object_component>
      <object_component id="oc-c2">
         <name>.text:IntVTableBaseSet</name>
         <load_address>0x2000732c</load_address>
         <run_address>0x2000732c</run_address>
         <size>0x14</size>
         <input_file_ref idref="fl-e5"/>
      </object_component>
      <object_component id="oc-3a4">
         <name>.text:copysign</name>
         <load_address>0x20007340</load_address>
         <run_address>0x20007340</run_address>
         <size>0x14</size>
         <input_file_ref idref="fl-e2"/>
      </object_component>
      <object_component id="oc-194">
         <name>.text:strlen</name>
         <load_address>0x20007354</load_address>
         <run_address>0x20007354</run_address>
         <size>0x14</size>
         <input_file_ref idref="fl-ca"/>
      </object_component>
      <object_component id="oc-46">
         <name>.text:decompress:ZI:__TI_zero_init_nomemset:__TI_zero_init_nomemset</name>
         <load_address>0x20007368</load_address>
         <run_address>0x20007368</run_address>
         <size>0x12</size>
         <input_file_ref idref="fl-c1"/>
      </object_component>
      <object_component id="oc-2d1">
         <name>.text:wcslen</name>
         <load_address>0x2000737a</load_address>
         <run_address>0x2000737a</run_address>
         <size>0x12</size>
         <input_file_ref idref="fl-d7"/>
      </object_component>
      <object_component id="oc-18">
         <name>.text:decompress:none:__TI_decompress_none</name>
         <load_address>0x2000738c</load_address>
         <run_address>0x2000738c</run_address>
         <size>0xe</size>
         <input_file_ref idref="fl-c2"/>
      </object_component>
      <object_component id="oc-26">
         <name>.text</name>
         <load_address>0x2000739a</load_address>
         <run_address>0x2000739a</run_address>
         <size>0xe</size>
         <input_file_ref idref="fl-5"/>
      </object_component>
      <object_component id="oc-c8">
         <name>.text:IntMasterEnable</name>
         <load_address>0x200073a8</load_address>
         <run_address>0x200073a8</run_address>
         <size>0xa</size>
         <input_file_ref idref="fl-e5"/>
      </object_component>
      <object_component id="oc-2d7">
         <name>.text:__aeabi_errno_addr</name>
         <load_address>0x200073b4</load_address>
         <run_address>0x200073b4</run_address>
         <size>0x8</size>
         <input_file_ref idref="fl-e1"/>
      </object_component>
      <object_component id="oc-204">
         <name>.text:UtilsDelay</name>
         <load_address>0x200073bc</load_address>
         <run_address>0x200073bc</run_address>
         <size>0x6</size>
         <input_file_ref idref="fl-e9"/>
      </object_component>
      <object_component id="oc-8e">
         <name>.text:_system_pre_init</name>
         <load_address>0x200073c2</load_address>
         <run_address>0x200073c2</run_address>
         <size>0x4</size>
         <input_file_ref idref="fl-cf"/>
      </object_component>
      <object_component id="oc-fc">
         <name>.text:abort:abort</name>
         <load_address>0x200073c6</load_address>
         <run_address>0x200073c6</run_address>
         <size>0x4</size>
         <input_file_ref idref="fl-c5"/>
      </object_component>
      <object_component id="oc-30a">
         <name>.const:.string:_ctypes_</name>
         <load_address>0x200073cc</load_address>
         <run_address>0x200073cc</run_address>
         <size>0x101</size>
         <input_file_ref idref="fl-d3"/>
      </object_component>
      <object_component id="oc-267">
         <name>.const:g_ulPinToPadMap</name>
         <load_address>0x200074d0</load_address>
         <run_address>0x200074d0</run_address>
         <size>0x100</size>
         <input_file_ref idref="fl-e6"/>
      </object_component>
      <object_component id="oc-207">
         <name>.const:PRCM_PeriphRegsList</name>
         <load_address>0x200075d0</load_address>
         <run_address>0x200075d0</run_address>
         <size>0xa8</size>
         <input_file_ref idref="fl-e7"/>
      </object_component>
      <object_component id="oc-147">
         <name>.const</name>
         <load_address>0x20007678</load_address>
         <run_address>0x20007678</run_address>
         <size>0x80</size>
         <input_file_ref idref="fl-e5"/>
      </object_component>
      <object_component id="oc-3fa">
         <name>.cinit..data.load</name>
         <load_address>0x200076f8</load_address>
         <run_address>0x200076f8</run_address>
         <size>0x1b</size>
      </object_component>
      <object_component id="oc-3f8">
         <name>__TI_handler_table</name>
         <load_address>0x20007714</load_address>
         <run_address>0x20007714</run_address>
         <size>0xc</size>
      </object_component>
      <object_component id="oc-3fb">
         <name>.cinit..bss.load</name>
         <load_address>0x20007720</load_address>
         <run_address>0x20007720</run_address>
         <size>0x8</size>
      </object_component>
      <object_component id="oc-3f9">
         <name>__TI_cinit_table</name>
         <load_address>0x20007728</load_address>
         <run_address>0x20007728</run_address>
         <size>0x10</size>
      </object_component>
      <object_component id="oc-f8">
         <name>.data</name>
         <load_address>0x2001d814</load_address>
         <run_address>0x2001d814</run_address>
         <size>0x8</size>
         <input_file_ref idref="fl-3"/>
      </object_component>
      <object_component id="oc-253">
         <name>.data:$O1$$</name>
         <load_address>0x2001d800</load_address>
         <run_address>0x2001d800</run_address>
         <size>0xc</size>
         <input_file_ref idref="fl-c6"/>
      </object_component>
      <object_component id="oc-1e3">
         <name>.data:$O1$$</name>
         <load_address>0x2001d80c</load_address>
         <run_address>0x2001d80c</run_address>
         <size>0x8</size>
         <input_file_ref idref="fl-c7"/>
      </object_component>
      <object_component id="oc-371">
         <name>.data</name>
         <load_address>0x2001d81c</load_address>
         <run_address>0x2001d81c</run_address>
         <size>0x4</size>
         <input_file_ref idref="fl-e1"/>
      </object_component>
      <object_component id="oc-1b2">
         <name>.bss</name>
         <uninitialized>true</uninitialized>
         <run_address>0x2001d820</run_address>
         <size>0x4</size>
         <input_file_ref idref="fl-6"/>
      </object_component>
      <object_component id="oc-23">
         <name>.sysmem</name>
         <uninitialized>true</uninitialized>
         <run_address>0x2001d000</run_address>
         <size>0x8</size>
         <input_file_ref idref="fl-c6"/>
      </object_component>
      <object_component id="oc-3fd">
         <name>.sysmem</name>
         <uninitialized>true</uninitialized>
         <run_address>0x2001d000</run_address>
         <size>0x0</size>
      </object_component>
      <object_component id="oc-20">
         <name>.stack</name>
         <uninitialized>true</uninitialized>
         <run_address>0x2003f800</run_address>
         <size>0x4</size>
         <input_file_ref idref="fl-c4"/>
      </object_component>
      <object_component id="oc-3fc">
         <name>.stack</name>
         <uninitialized>true</uninitialized>
         <run_address>0x2003f800</run_address>
         <size>0x0</size>
      </object_component>
      <object_component id="oc-f5">
         <name>.debug_info</name>
         <load_address>0x0</load_address>
         <run_address>0x0</run_address>
         <size>0x33e</size>
         <input_file_ref idref="fl-2"/>
      </object_component>
      <object_component id="oc-35">
         <name>.debug_info</name>
         <load_address>0x33e</load_address>
         <run_address>0x33e</run_address>
         <size>0x84</size>
         <input_file_ref idref="fl-2"/>
      </object_component>
      <object_component id="oc-142">
         <name>.debug_info</name>
         <load_address>0x3c2</load_address>
         <run_address>0x3c2</run_address>
         <size>0x2c</size>
         <input_file_ref idref="fl-2"/>
      </object_component>
      <object_component id="oc-2f6">
         <name>.debug_info</name>
         <load_address>0x3ee</load_address>
         <run_address>0x3ee</run_address>
         <size>0x47f</size>
         <input_file_ref idref="fl-3"/>
      </object_component>
      <object_component id="oc-f9">
         <name>.debug_info</name>
         <load_address>0x86d</load_address>
         <run_address>0x86d</run_address>
         <size>0xdf</size>
         <input_file_ref idref="fl-3"/>
      </object_component>
      <object_component id="oc-95">
         <name>.debug_info</name>
         <load_address>0x94c</load_address>
         <run_address>0x94c</run_address>
         <size>0x336</size>
         <input_file_ref idref="fl-3"/>
      </object_component>
      <object_component id="oc-25d">
         <name>.debug_info</name>
         <load_address>0xc82</load_address>
         <run_address>0xc82</run_address>
         <size>0x26b</size>
         <input_file_ref idref="fl-3"/>
      </object_component>
      <object_component id="oc-29b">
         <name>.debug_info</name>
         <load_address>0xeed</load_address>
         <run_address>0xeed</run_address>
         <size>0x62</size>
         <input_file_ref idref="fl-3"/>
      </object_component>
      <object_component id="oc-262">
         <name>.debug_info</name>
         <load_address>0xf4f</load_address>
         <run_address>0xf4f</run_address>
         <size>0x297</size>
         <input_file_ref idref="fl-3"/>
      </object_component>
      <object_component id="oc-1b7">
         <name>.debug_info</name>
         <load_address>0x11e6</load_address>
         <run_address>0x11e6</run_address>
         <size>0x2c</size>
         <input_file_ref idref="fl-3"/>
      </object_component>
      <object_component id="oc-e4">
         <name>.debug_info</name>
         <load_address>0x1212</load_address>
         <run_address>0x1212</run_address>
         <size>0x3ac</size>
         <input_file_ref idref="fl-4"/>
      </object_component>
      <object_component id="oc-2e">
         <name>.debug_info</name>
         <load_address>0x15be</load_address>
         <run_address>0x15be</run_address>
         <size>0x2b1</size>
         <input_file_ref idref="fl-5"/>
      </object_component>
      <object_component id="oc-10">
         <name>.debug_info</name>
         <load_address>0x186f</load_address>
         <run_address>0x186f</run_address>
         <size>0x102</size>
         <input_file_ref idref="fl-5"/>
      </object_component>
      <object_component id="oc-27">
         <name>.debug_info</name>
         <load_address>0x1971</load_address>
         <run_address>0x1971</run_address>
         <size>0x423</size>
         <input_file_ref idref="fl-5"/>
      </object_component>
      <object_component id="oc-1b6">
         <name>.debug_info</name>
         <load_address>0x1d94</load_address>
         <run_address>0x1d94</run_address>
         <size>0x4f6</size>
         <input_file_ref idref="fl-6"/>
      </object_component>
      <object_component id="oc-1b3">
         <name>.debug_info</name>
         <load_address>0x228a</load_address>
         <run_address>0x228a</run_address>
         <size>0xf9</size>
         <input_file_ref idref="fl-6"/>
      </object_component>
      <object_component id="oc-db">
         <name>.debug_info</name>
         <load_address>0x2383</load_address>
         <run_address>0x2383</run_address>
         <size>0x8d5</size>
         <input_file_ref idref="fl-6"/>
      </object_component>
      <object_component id="oc-1bc">
         <name>.debug_info</name>
         <load_address>0x2c58</load_address>
         <run_address>0x2c58</run_address>
         <size>0x110</size>
         <input_file_ref idref="fl-6"/>
      </object_component>
      <object_component id="oc-87">
         <name>.debug_info</name>
         <load_address>0x2d68</load_address>
         <run_address>0x2d68</run_address>
         <size>0x31e</size>
         <input_file_ref idref="fl-c1"/>
      </object_component>
      <object_component id="oc-49">
         <name>.debug_info</name>
         <load_address>0x3086</load_address>
         <run_address>0x3086</run_address>
         <size>0x1bf</size>
         <input_file_ref idref="fl-c1"/>
      </object_component>
      <object_component id="oc-82">
         <name>.debug_info</name>
         <load_address>0x3245</load_address>
         <run_address>0x3245</run_address>
         <size>0x46</size>
         <input_file_ref idref="fl-c1"/>
      </object_component>
      <object_component id="oc-b9">
         <name>.debug_info</name>
         <load_address>0x328b</load_address>
         <run_address>0x328b</run_address>
         <size>0x2c</size>
         <input_file_ref idref="fl-c1"/>
      </object_component>
      <object_component id="oc-45">
         <name>.debug_info</name>
         <load_address>0x32b7</load_address>
         <run_address>0x32b7</run_address>
         <size>0x2a8</size>
         <input_file_ref idref="fl-c2"/>
      </object_component>
      <object_component id="oc-1a">
         <name>.debug_info</name>
         <load_address>0x355f</load_address>
         <run_address>0x355f</run_address>
         <size>0x1ea</size>
         <input_file_ref idref="fl-c2"/>
      </object_component>
      <object_component id="oc-40">
         <name>.debug_info</name>
         <load_address>0x3749</load_address>
         <run_address>0x3749</run_address>
         <size>0x46</size>
         <input_file_ref idref="fl-c2"/>
      </object_component>
      <object_component id="oc-7a">
         <name>.debug_info</name>
         <load_address>0x378f</load_address>
         <run_address>0x378f</run_address>
         <size>0x2c</size>
         <input_file_ref idref="fl-c2"/>
      </object_component>
      <object_component id="oc-78">
         <name>.debug_info</name>
         <load_address>0x37bb</load_address>
         <run_address>0x37bb</run_address>
         <size>0x29e</size>
         <input_file_ref idref="fl-c3"/>
      </object_component>
      <object_component id="oc-16">
         <name>.debug_info</name>
         <load_address>0x3a59</load_address>
         <run_address>0x3a59</run_address>
         <size>0x250</size>
         <input_file_ref idref="fl-c3"/>
      </object_component>
      <object_component id="oc-30">
         <name>.debug_info</name>
         <load_address>0x3ca9</load_address>
         <run_address>0x3ca9</run_address>
         <size>0x60</size>
         <input_file_ref idref="fl-c3"/>
      </object_component>
      <object_component id="oc-b2">
         <name>.debug_info</name>
         <load_address>0x3d09</load_address>
         <run_address>0x3d09</run_address>
         <size>0x46</size>
         <input_file_ref idref="fl-c3"/>
      </object_component>
      <object_component id="oc-73">
         <name>.debug_info</name>
         <load_address>0x3d4f</load_address>
         <run_address>0x3d4f</run_address>
         <size>0x39</size>
         <input_file_ref idref="fl-c3"/>
      </object_component>
      <object_component id="oc-21">
         <name>.debug_info</name>
         <load_address>0x3d88</load_address>
         <run_address>0x3d88</run_address>
         <size>0x10b</size>
         <input_file_ref idref="fl-c4"/>
      </object_component>
      <object_component id="oc-59">
         <name>.debug_info</name>
         <load_address>0x3e93</load_address>
         <run_address>0x3e93</run_address>
         <size>0x1af</size>
         <input_file_ref idref="fl-c4"/>
      </object_component>
      <object_component id="oc-fd">
         <name>.debug_info</name>
         <load_address>0x4042</load_address>
         <run_address>0x4042</run_address>
         <size>0x122</size>
         <input_file_ref idref="fl-c5"/>
      </object_component>
      <object_component id="oc-6e">
         <name>.debug_info</name>
         <load_address>0x4164</load_address>
         <run_address>0x4164</run_address>
         <size>0x3c6</size>
         <input_file_ref idref="fl-c6"/>
      </object_component>
      <object_component id="oc-24">
         <name>.debug_info</name>
         <load_address>0x452a</load_address>
         <run_address>0x452a</run_address>
         <size>0x10c</size>
         <input_file_ref idref="fl-c6"/>
      </object_component>
      <object_component id="oc-254">
         <name>.debug_info</name>
         <load_address>0x4636</load_address>
         <run_address>0x4636</run_address>
         <size>0x157</size>
         <input_file_ref idref="fl-c6"/>
      </object_component>
      <object_component id="oc-242">
         <name>.debug_info</name>
         <load_address>0x478d</load_address>
         <run_address>0x478d</run_address>
         <size>0x144</size>
         <input_file_ref idref="fl-c6"/>
      </object_component>
      <object_component id="oc-248">
         <name>.debug_info</name>
         <load_address>0x48d1</load_address>
         <run_address>0x48d1</run_address>
         <size>0x17f</size>
         <input_file_ref idref="fl-c6"/>
      </object_component>
      <object_component id="oc-24e">
         <name>.debug_info</name>
         <load_address>0x4a50</load_address>
         <run_address>0x4a50</run_address>
         <size>0x17d</size>
         <input_file_ref idref="fl-c6"/>
      </object_component>
      <object_component id="oc-1a1">
         <name>.debug_info</name>
         <load_address>0x4bcd</load_address>
         <run_address>0x4bcd</run_address>
         <size>0x1e6</size>
         <input_file_ref idref="fl-c6"/>
      </object_component>
      <object_component id="oc-1ad">
         <name>.debug_info</name>
         <load_address>0x4db3</load_address>
         <run_address>0x4db3</run_address>
         <size>0x1f1</size>
         <input_file_ref idref="fl-c6"/>
      </object_component>
      <object_component id="oc-1a7">
         <name>.debug_info</name>
         <load_address>0x4fa4</load_address>
         <run_address>0x4fa4</run_address>
         <size>0x289</size>
         <input_file_ref idref="fl-c6"/>
      </object_component>
      <object_component id="oc-a8">
         <name>.debug_info</name>
         <load_address>0x522d</load_address>
         <run_address>0x522d</run_address>
         <size>0x2c</size>
         <input_file_ref idref="fl-c6"/>
      </object_component>
      <object_component id="oc-ad">
         <name>.debug_info</name>
         <load_address>0x5259</load_address>
         <run_address>0x5259</run_address>
         <size>0x62</size>
         <input_file_ref idref="fl-c6"/>
      </object_component>
      <object_component id="oc-27e">
         <name>.debug_info</name>
         <load_address>0x52bb</load_address>
         <run_address>0x52bb</run_address>
         <size>0x2c9</size>
         <input_file_ref idref="fl-c7"/>
      </object_component>
      <object_component id="oc-1e4">
         <name>.debug_info</name>
         <load_address>0x5584</load_address>
         <run_address>0x5584</run_address>
         <size>0x11e</size>
         <input_file_ref idref="fl-c7"/>
      </object_component>
      <object_component id="oc-278">
         <name>.debug_info</name>
         <load_address>0x56a2</load_address>
         <run_address>0x56a2</run_address>
         <size>0x12e</size>
         <input_file_ref idref="fl-c7"/>
      </object_component>
      <object_component id="oc-240">
         <name>.debug_info</name>
         <load_address>0x57d0</load_address>
         <run_address>0x57d0</run_address>
         <size>0x2a5</size>
         <input_file_ref idref="fl-c9"/>
      </object_component>
      <object_component id="oc-19b">
         <name>.debug_info</name>
         <load_address>0x5a75</load_address>
         <run_address>0x5a75</run_address>
         <size>0x1b6</size>
         <input_file_ref idref="fl-c9"/>
      </object_component>
      <object_component id="oc-23e">
         <name>.debug_info</name>
         <load_address>0x5c2b</load_address>
         <run_address>0x5c2b</run_address>
         <size>0x28f</size>
         <input_file_ref idref="fl-ca"/>
      </object_component>
      <object_component id="oc-197">
         <name>.debug_info</name>
         <load_address>0x5eba</load_address>
         <run_address>0x5eba</run_address>
         <size>0x24b</size>
         <input_file_ref idref="fl-ca"/>
      </object_component>
      <object_component id="oc-230">
         <name>.debug_info</name>
         <load_address>0x6105</load_address>
         <run_address>0x6105</run_address>
         <size>0x340</size>
         <input_file_ref idref="fl-cb"/>
      </object_component>
      <object_component id="oc-183">
         <name>.debug_info</name>
         <load_address>0x6445</load_address>
         <run_address>0x6445</run_address>
         <size>0x208</size>
         <input_file_ref idref="fl-cb"/>
      </object_component>
      <object_component id="oc-224">
         <name>.debug_info</name>
         <load_address>0x664d</load_address>
         <run_address>0x664d</run_address>
         <size>0x1c6</size>
         <input_file_ref idref="fl-cb"/>
      </object_component>
      <object_component id="oc-22a">
         <name>.debug_info</name>
         <load_address>0x6813</load_address>
         <run_address>0x6813</run_address>
         <size>0x179</size>
         <input_file_ref idref="fl-cb"/>
      </object_component>
      <object_component id="oc-231">
         <name>.debug_info</name>
         <load_address>0x698c</load_address>
         <run_address>0x698c</run_address>
         <size>0x2c</size>
         <input_file_ref idref="fl-cb"/>
      </object_component>
      <object_component id="oc-236">
         <name>.debug_info</name>
         <load_address>0x69b8</load_address>
         <run_address>0x69b8</run_address>
         <size>0x69</size>
         <input_file_ref idref="fl-cb"/>
      </object_component>
      <object_component id="oc-3b">
         <name>.debug_info</name>
         <load_address>0x6a21</load_address>
         <run_address>0x6a21</run_address>
         <size>0x11c</size>
         <input_file_ref idref="fl-cc"/>
      </object_component>
      <object_component id="oc-8a">
         <name>.debug_info</name>
         <load_address>0x6b3d</load_address>
         <run_address>0x6b3d</run_address>
         <size>0x14a</size>
         <input_file_ref idref="fl-cd"/>
      </object_component>
      <object_component id="oc-1ea">
         <name>.debug_info</name>
         <load_address>0x6c87</load_address>
         <run_address>0x6c87</run_address>
         <size>0x552</size>
         <input_file_ref idref="fl-ce"/>
      </object_component>
      <object_component id="oc-10b">
         <name>.debug_info</name>
         <load_address>0x71d9</load_address>
         <run_address>0x71d9</run_address>
         <size>0x1a6</size>
         <input_file_ref idref="fl-ce"/>
      </object_component>
      <object_component id="oc-284">
         <name>.debug_info</name>
         <load_address>0x737f</load_address>
         <run_address>0x737f</run_address>
         <size>0x39</size>
         <input_file_ref idref="fl-ce"/>
      </object_component>
      <object_component id="oc-2fe">
         <name>.debug_info</name>
         <load_address>0x73b8</load_address>
         <run_address>0x73b8</run_address>
         <size>0x39</size>
         <input_file_ref idref="fl-ce"/>
      </object_component>
      <object_component id="oc-289">
         <name>.debug_info</name>
         <load_address>0x73f1</load_address>
         <run_address>0x73f1</run_address>
         <size>0x39</size>
         <input_file_ref idref="fl-ce"/>
      </object_component>
      <object_component id="oc-28e">
         <name>.debug_info</name>
         <load_address>0x742a</load_address>
         <run_address>0x742a</run_address>
         <size>0xcd</size>
         <input_file_ref idref="fl-ce"/>
      </object_component>
      <object_component id="oc-92">
         <name>.debug_info</name>
         <load_address>0x74f7</load_address>
         <run_address>0x74f7</run_address>
         <size>0x153</size>
         <input_file_ref idref="fl-cf"/>
      </object_component>
      <object_component id="oc-2de">
         <name>.debug_info</name>
         <load_address>0x764a</load_address>
         <run_address>0x764a</run_address>
         <size>0x8b1</size>
         <input_file_ref idref="fl-d1"/>
      </object_component>
      <object_component id="oc-2a9">
         <name>.debug_info</name>
         <load_address>0x7efb</load_address>
         <run_address>0x7efb</run_address>
         <size>0x21e</size>
         <input_file_ref idref="fl-d1"/>
      </object_component>
      <object_component id="oc-33b">
         <name>.debug_info</name>
         <load_address>0x8119</load_address>
         <run_address>0x8119</run_address>
         <size>0x1b3</size>
         <input_file_ref idref="fl-d1"/>
      </object_component>
      <object_component id="oc-341">
         <name>.debug_info</name>
         <load_address>0x82cc</load_address>
         <run_address>0x82cc</run_address>
         <size>0x21b</size>
         <input_file_ref idref="fl-d1"/>
      </object_component>
      <object_component id="oc-2b4">
         <name>.debug_info</name>
         <load_address>0x84e7</load_address>
         <run_address>0x84e7</run_address>
         <size>0x3bb</size>
         <input_file_ref idref="fl-d1"/>
      </object_component>
      <object_component id="oc-348">
         <name>.debug_info</name>
         <load_address>0x88a2</load_address>
         <run_address>0x88a2</run_address>
         <size>0x305</size>
         <input_file_ref idref="fl-d1"/>
      </object_component>
      <object_component id="oc-34e">
         <name>.debug_info</name>
         <load_address>0x8ba7</load_address>
         <run_address>0x8ba7</run_address>
         <size>0x215</size>
         <input_file_ref idref="fl-d1"/>
      </object_component>
      <object_component id="oc-2ba">
         <name>.debug_info</name>
         <load_address>0x8dbc</load_address>
         <run_address>0x8dbc</run_address>
         <size>0x215</size>
         <input_file_ref idref="fl-d1"/>
      </object_component>
      <object_component id="oc-2c0">
         <name>.debug_info</name>
         <load_address>0x8fd1</load_address>
         <run_address>0x8fd1</run_address>
         <size>0x304</size>
         <input_file_ref idref="fl-d1"/>
      </object_component>
      <object_component id="oc-2c6">
         <name>.debug_info</name>
         <load_address>0x92d5</load_address>
         <run_address>0x92d5</run_address>
         <size>0x4b0</size>
         <input_file_ref idref="fl-d1"/>
      </object_component>
      <object_component id="oc-21e">
         <name>.debug_info</name>
         <load_address>0x9785</load_address>
         <run_address>0x9785</run_address>
         <size>0x5d8</size>
         <input_file_ref idref="fl-d1"/>
      </object_component>
      <object_component id="oc-2df">
         <name>.debug_info</name>
         <load_address>0x9d5d</load_address>
         <run_address>0x9d5d</run_address>
         <size>0x86</size>
         <input_file_ref idref="fl-d1"/>
      </object_component>
      <object_component id="oc-378">
         <name>.debug_info</name>
         <load_address>0x9de3</load_address>
         <run_address>0x9de3</run_address>
         <size>0x39</size>
         <input_file_ref idref="fl-d1"/>
      </object_component>
      <object_component id="oc-3bb">
         <name>.debug_info</name>
         <load_address>0x9e1c</load_address>
         <run_address>0x9e1c</run_address>
         <size>0xb6</size>
         <input_file_ref idref="fl-d1"/>
      </object_component>
      <object_component id="oc-37d">
         <name>.debug_info</name>
         <load_address>0x9ed2</load_address>
         <run_address>0x9ed2</run_address>
         <size>0x46</size>
         <input_file_ref idref="fl-d1"/>
      </object_component>
      <object_component id="oc-2e4">
         <name>.debug_info</name>
         <load_address>0x9f18</load_address>
         <run_address>0x9f18</run_address>
         <size>0x46</size>
         <input_file_ref idref="fl-d1"/>
      </object_component>
      <object_component id="oc-30e">
         <name>.debug_info</name>
         <load_address>0x9f5e</load_address>
         <run_address>0x9f5e</run_address>
         <size>0x2b9</size>
         <input_file_ref idref="fl-d2"/>
      </object_component>
      <object_component id="oc-2a3">
         <name>.debug_info</name>
         <load_address>0xa217</load_address>
         <run_address>0xa217</run_address>
         <size>0x17c</size>
         <input_file_ref idref="fl-d2"/>
      </object_component>
      <object_component id="oc-388">
         <name>.debug_info</name>
         <load_address>0xa393</load_address>
         <run_address>0xa393</run_address>
         <size>0xf9</size>
         <input_file_ref idref="fl-d3"/>
      </object_component>
      <object_component id="oc-30b">
         <name>.debug_info</name>
         <load_address>0xa48c</load_address>
         <run_address>0xa48c</run_address>
         <size>0x105</size>
         <input_file_ref idref="fl-d3"/>
      </object_component>
      <object_component id="oc-396">
         <name>.debug_info</name>
         <load_address>0xa591</load_address>
         <run_address>0xa591</run_address>
         <size>0x29b</size>
         <input_file_ref idref="fl-d4"/>
      </object_component>
      <object_component id="oc-32c">
         <name>.debug_info</name>
         <load_address>0xa82c</load_address>
         <run_address>0xa82c</run_address>
         <size>0x1cd</size>
         <input_file_ref idref="fl-d4"/>
      </object_component>
      <object_component id="oc-369">
         <name>.debug_info</name>
         <load_address>0xa9f9</load_address>
         <run_address>0xa9f9</run_address>
         <size>0x296</size>
         <input_file_ref idref="fl-d5"/>
      </object_component>
      <object_component id="oc-2cc">
         <name>.debug_info</name>
         <load_address>0xac8f</load_address>
         <run_address>0xac8f</run_address>
         <size>0x1b6</size>
         <input_file_ref idref="fl-d5"/>
      </object_component>
      <object_component id="oc-3ad">
         <name>.debug_info</name>
         <load_address>0xae45</load_address>
         <run_address>0xae45</run_address>
         <size>0x29a</size>
         <input_file_ref idref="fl-d6"/>
      </object_component>
      <object_component id="oc-364">
         <name>.debug_info</name>
         <load_address>0xb0df</load_address>
         <run_address>0xb0df</run_address>
         <size>0x268</size>
         <input_file_ref idref="fl-d6"/>
      </object_component>
      <object_component id="oc-370">
         <name>.debug_info</name>
         <load_address>0xb347</load_address>
         <run_address>0xb347</run_address>
         <size>0x28f</size>
         <input_file_ref idref="fl-d7"/>
      </object_component>
      <object_component id="oc-2d3">
         <name>.debug_info</name>
         <load_address>0xb5d6</load_address>
         <run_address>0xb5d6</run_address>
         <size>0x15a</size>
         <input_file_ref idref="fl-d7"/>
      </object_component>
      <object_component id="oc-3b0">
         <name>.debug_info</name>
         <load_address>0xb730</load_address>
         <run_address>0xb730</run_address>
         <size>0x46</size>
         <input_file_ref idref="fl-d7"/>
      </object_component>
      <object_component id="oc-36b">
         <name>.debug_info</name>
         <load_address>0xb776</load_address>
         <run_address>0xb776</run_address>
         <size>0x39</size>
         <input_file_ref idref="fl-d7"/>
      </object_component>
      <object_component id="oc-39e">
         <name>.debug_info</name>
         <load_address>0xb7af</load_address>
         <run_address>0xb7af</run_address>
         <size>0x29a</size>
         <input_file_ref idref="fl-d8"/>
      </object_component>
      <object_component id="oc-356">
         <name>.debug_info</name>
         <load_address>0xba49</load_address>
         <run_address>0xba49</run_address>
         <size>0x195</size>
         <input_file_ref idref="fl-d8"/>
      </object_component>
      <object_component id="oc-3c7">
         <name>.debug_info</name>
         <load_address>0xbbde</load_address>
         <run_address>0xbbde</run_address>
         <size>0x39</size>
         <input_file_ref idref="fl-d8"/>
      </object_component>
      <object_component id="oc-39f">
         <name>.debug_info</name>
         <load_address>0xbc17</load_address>
         <run_address>0xbc17</run_address>
         <size>0x2c</size>
         <input_file_ref idref="fl-d8"/>
      </object_component>
      <object_component id="oc-3ab">
         <name>.debug_info</name>
         <load_address>0xbc43</load_address>
         <run_address>0xbc43</run_address>
         <size>0x2fd</size>
         <input_file_ref idref="fl-d9"/>
      </object_component>
      <object_component id="oc-35c">
         <name>.debug_info</name>
         <load_address>0xbf40</load_address>
         <run_address>0xbf40</run_address>
         <size>0x225</size>
         <input_file_ref idref="fl-d9"/>
      </object_component>
      <object_component id="oc-336">
         <name>.debug_info</name>
         <load_address>0xc165</load_address>
         <run_address>0xc165</run_address>
         <size>0x14f</size>
         <input_file_ref idref="fl-da"/>
      </object_component>
      <object_component id="oc-2b0">
         <name>.debug_info</name>
         <load_address>0xc2b4</load_address>
         <run_address>0xc2b4</run_address>
         <size>0x12b</size>
         <input_file_ref idref="fl-db"/>
      </object_component>
      <object_component id="oc-322">
         <name>.debug_info</name>
         <load_address>0xc3df</load_address>
         <run_address>0xc3df</run_address>
         <size>0x12d</size>
         <input_file_ref idref="fl-db"/>
      </object_component>
      <object_component id="oc-31d">
         <name>.debug_info</name>
         <load_address>0xc50c</load_address>
         <run_address>0xc50c</run_address>
         <size>0x13d</size>
         <input_file_ref idref="fl-dc"/>
      </object_component>
      <object_component id="oc-318">
         <name>.debug_info</name>
         <load_address>0xc649</load_address>
         <run_address>0xc649</run_address>
         <size>0x13d</size>
         <input_file_ref idref="fl-dd"/>
      </object_component>
      <object_component id="oc-328">
         <name>.debug_info</name>
         <load_address>0xc786</load_address>
         <run_address>0xc786</run_address>
         <size>0x131</size>
         <input_file_ref idref="fl-de"/>
      </object_component>
      <object_component id="oc-333">
         <name>.debug_info</name>
         <load_address>0xc8b7</load_address>
         <run_address>0xc8b7</run_address>
         <size>0x12f</size>
         <input_file_ref idref="fl-df"/>
      </object_component>
      <object_component id="oc-310">
         <name>.debug_info</name>
         <load_address>0xc9e6</load_address>
         <run_address>0xc9e6</run_address>
         <size>0x137</size>
         <input_file_ref idref="fl-e0"/>
      </object_component>
      <object_component id="oc-375">
         <name>.debug_info</name>
         <load_address>0xcb1d</load_address>
         <run_address>0xcb1d</run_address>
         <size>0x289</size>
         <input_file_ref idref="fl-e1"/>
      </object_component>
      <object_component id="oc-372">
         <name>.debug_info</name>
         <load_address>0xcda6</load_address>
         <run_address>0xcda6</run_address>
         <size>0x10e</size>
         <input_file_ref idref="fl-e1"/>
      </object_component>
      <object_component id="oc-2d9">
         <name>.debug_info</name>
         <load_address>0xceb4</load_address>
         <run_address>0xceb4</run_address>
         <size>0x14e</size>
         <input_file_ref idref="fl-e1"/>
      </object_component>
      <object_component id="oc-3a5">
         <name>.debug_info</name>
         <load_address>0xd002</load_address>
         <run_address>0xd002</run_address>
         <size>0x161</size>
         <input_file_ref idref="fl-e2"/>
      </object_component>
      <object_component id="oc-38d">
         <name>.debug_info</name>
         <load_address>0xd163</load_address>
         <run_address>0xd163</run_address>
         <size>0x118</size>
         <input_file_ref idref="fl-e3"/>
      </object_component>
      <object_component id="oc-1d0">
         <name>.debug_info</name>
         <load_address>0xd27b</load_address>
         <run_address>0xd27b</run_address>
         <size>0x1e9</size>
         <input_file_ref idref="fl-e4"/>
      </object_component>
      <object_component id="oc-ea">
         <name>.debug_info</name>
         <load_address>0xd464</load_address>
         <run_address>0xd464</run_address>
         <size>0x1bb</size>
         <input_file_ref idref="fl-e4"/>
      </object_component>
      <object_component id="oc-f0">
         <name>.debug_info</name>
         <load_address>0xd61f</load_address>
         <run_address>0xd61f</run_address>
         <size>0x1e0</size>
         <input_file_ref idref="fl-e4"/>
      </object_component>
      <object_component id="oc-202">
         <name>.debug_info</name>
         <load_address>0xd7ff</load_address>
         <run_address>0xd7ff</run_address>
         <size>0x19b</size>
         <input_file_ref idref="fl-e5"/>
      </object_component>
      <object_component id="oc-148">
         <name>.debug_info</name>
         <load_address>0xd99a</load_address>
         <run_address>0xd99a</run_address>
         <size>0x19e</size>
         <input_file_ref idref="fl-e5"/>
      </object_component>
      <object_component id="oc-c9">
         <name>.debug_info</name>
         <load_address>0xdb38</load_address>
         <run_address>0xdb38</run_address>
         <size>0x188</size>
         <input_file_ref idref="fl-e5"/>
      </object_component>
      <object_component id="oc-c3">
         <name>.debug_info</name>
         <load_address>0xdcc0</load_address>
         <run_address>0xdcc0</run_address>
         <size>0x1ba</size>
         <input_file_ref idref="fl-e5"/>
      </object_component>
      <object_component id="oc-cf">
         <name>.debug_info</name>
         <load_address>0xde7a</load_address>
         <run_address>0xde7a</run_address>
         <size>0x1ab</size>
         <input_file_ref idref="fl-e5"/>
      </object_component>
      <object_component id="oc-2f9">
         <name>.debug_info</name>
         <load_address>0xe025</load_address>
         <run_address>0xe025</run_address>
         <size>0xe8</size>
         <input_file_ref idref="fl-e6"/>
      </object_component>
      <object_component id="oc-268">
         <name>.debug_info</name>
         <load_address>0xe10d</load_address>
         <run_address>0xe10d</run_address>
         <size>0xf6</size>
         <input_file_ref idref="fl-e6"/>
      </object_component>
      <object_component id="oc-1c3">
         <name>.debug_info</name>
         <load_address>0xe203</load_address>
         <run_address>0xe203</run_address>
         <size>0x1cb</size>
         <input_file_ref idref="fl-e6"/>
      </object_component>
      <object_component id="oc-26c">
         <name>.debug_info</name>
         <load_address>0xe3ce</load_address>
         <run_address>0xe3ce</run_address>
         <size>0x219</size>
         <input_file_ref idref="fl-e6"/>
      </object_component>
      <object_component id="oc-1d4">
         <name>.debug_info</name>
         <load_address>0xe5e7</load_address>
         <run_address>0xe5e7</run_address>
         <size>0x1e0</size>
         <input_file_ref idref="fl-e6"/>
      </object_component>
      <object_component id="oc-1c8">
         <name>.debug_info</name>
         <load_address>0xe7c7</load_address>
         <run_address>0xe7c7</run_address>
         <size>0x22e</size>
         <input_file_ref idref="fl-e6"/>
      </object_component>
      <object_component id="oc-20c">
         <name>.debug_info</name>
         <load_address>0xe9f5</load_address>
         <run_address>0xe9f5</run_address>
         <size>0x1f8</size>
         <input_file_ref idref="fl-e7"/>
      </object_component>
      <object_component id="oc-208">
         <name>.debug_info</name>
         <load_address>0xebed</load_address>
         <run_address>0xebed</run_address>
         <size>0xff</size>
         <input_file_ref idref="fl-e7"/>
      </object_component>
      <object_component id="oc-14c">
         <name>.debug_info</name>
         <load_address>0xecec</load_address>
         <run_address>0xecec</run_address>
         <size>0x1b2</size>
         <input_file_ref idref="fl-e7"/>
      </object_component>
      <object_component id="oc-15e">
         <name>.debug_info</name>
         <load_address>0xee9e</load_address>
         <run_address>0xee9e</run_address>
         <size>0x1f7</size>
         <input_file_ref idref="fl-e7"/>
      </object_component>
      <object_component id="oc-16a">
         <name>.debug_info</name>
         <load_address>0xf095</load_address>
         <run_address>0xf095</run_address>
         <size>0x1f9</size>
         <input_file_ref idref="fl-e7"/>
      </object_component>
      <object_component id="oc-171">
         <name>.debug_info</name>
         <load_address>0xf28e</load_address>
         <run_address>0xf28e</run_address>
         <size>0x222</size>
         <input_file_ref idref="fl-e7"/>
      </object_component>
      <object_component id="oc-164">
         <name>.debug_info</name>
         <load_address>0xf4b0</load_address>
         <run_address>0xf4b0</run_address>
         <size>0x1cc</size>
         <input_file_ref idref="fl-e7"/>
      </object_component>
      <object_component id="oc-d5">
         <name>.debug_info</name>
         <load_address>0xf67c</load_address>
         <run_address>0xf67c</run_address>
         <size>0x28f</size>
         <input_file_ref idref="fl-e7"/>
      </object_component>
      <object_component id="oc-152">
         <name>.debug_info</name>
         <load_address>0xf90b</load_address>
         <run_address>0xf90b</run_address>
         <size>0x1cb</size>
         <input_file_ref idref="fl-e7"/>
      </object_component>
      <object_component id="oc-158">
         <name>.debug_info</name>
         <load_address>0xfad6</load_address>
         <run_address>0xfad6</run_address>
         <size>0x1e0</size>
         <input_file_ref idref="fl-e7"/>
      </object_component>
      <object_component id="oc-177">
         <name>.debug_info</name>
         <load_address>0xfcb6</load_address>
         <run_address>0xfcb6</run_address>
         <size>0x268</size>
         <input_file_ref idref="fl-e8"/>
      </object_component>
      <object_component id="oc-216">
         <name>.debug_info</name>
         <load_address>0xff1e</load_address>
         <run_address>0xff1e</run_address>
         <size>0x18a</size>
         <input_file_ref idref="fl-e8"/>
      </object_component>
      <object_component id="oc-210">
         <name>.debug_info</name>
         <load_address>0x100a8</load_address>
         <run_address>0x100a8</run_address>
         <size>0x18c</size>
         <input_file_ref idref="fl-e8"/>
      </object_component>
      <object_component id="oc-189">
         <name>.debug_info</name>
         <load_address>0x10234</load_address>
         <run_address>0x10234</run_address>
         <size>0x196</size>
         <input_file_ref idref="fl-e8"/>
      </object_component>
      <object_component id="oc-18f">
         <name>.debug_info</name>
         <load_address>0x103ca</load_address>
         <run_address>0x103ca</run_address>
         <size>0x1a6</size>
         <input_file_ref idref="fl-e8"/>
      </object_component>
      <object_component id="oc-17d">
         <name>.debug_info</name>
         <load_address>0x10570</load_address>
         <run_address>0x10570</run_address>
         <size>0x1b7</size>
         <input_file_ref idref="fl-e8"/>
      </object_component>
      <object_component id="oc-13d">
         <name>.debug_info</name>
         <load_address>0x10727</load_address>
         <run_address>0x10727</run_address>
         <size>0x15a</size>
         <input_file_ref idref="fl-ea"/>
      </object_component>
      <object_component id="oc-3fe">
         <name>.debug_info</name>
         <load_address>0x10881</load_address>
         <run_address>0x10881</run_address>
         <size>0x98</size>
      </object_component>
      <object_component id="oc-f3">
         <name>.debug_line</name>
         <load_address>0x0</load_address>
         <run_address>0x0</run_address>
         <size>0xa1</size>
         <input_file_ref idref="fl-2"/>
      </object_component>
      <object_component id="oc-38">
         <name>.debug_line</name>
         <load_address>0xa1</load_address>
         <run_address>0xa1</run_address>
         <size>0x20</size>
         <input_file_ref idref="fl-2"/>
      </object_component>
      <object_component id="oc-145">
         <name>.debug_line</name>
         <load_address>0xc1</load_address>
         <run_address>0xc1</run_address>
         <size>0x53</size>
         <input_file_ref idref="fl-2"/>
      </object_component>
      <object_component id="oc-383">
         <name>.debug_line</name>
         <load_address>0x114</load_address>
         <run_address>0x114</run_address>
         <size>0x125</size>
         <input_file_ref idref="fl-3"/>
      </object_component>
      <object_component id="oc-1de">
         <name>.debug_line</name>
         <load_address>0x239</load_address>
         <run_address>0x239</run_address>
         <size>0x2d</size>
         <input_file_ref idref="fl-3"/>
      </object_component>
      <object_component id="oc-99">
         <name>.debug_line</name>
         <load_address>0x266</load_address>
         <run_address>0x266</run_address>
         <size>0xca</size>
         <input_file_ref idref="fl-3"/>
      </object_component>
      <object_component id="oc-260">
         <name>.debug_line</name>
         <load_address>0x330</load_address>
         <run_address>0x330</run_address>
         <size>0x69</size>
         <input_file_ref idref="fl-3"/>
      </object_component>
      <object_component id="oc-29e">
         <name>.debug_line</name>
         <load_address>0x399</load_address>
         <run_address>0x399</run_address>
         <size>0x55</size>
         <input_file_ref idref="fl-3"/>
      </object_component>
      <object_component id="oc-265">
         <name>.debug_line</name>
         <load_address>0x3ee</load_address>
         <run_address>0x3ee</run_address>
         <size>0x6d</size>
         <input_file_ref idref="fl-3"/>
      </object_component>
      <object_component id="oc-1ba">
         <name>.debug_line</name>
         <load_address>0x45b</load_address>
         <run_address>0x45b</run_address>
         <size>0x65</size>
         <input_file_ref idref="fl-3"/>
      </object_component>
      <object_component id="oc-e2">
         <name>.debug_line</name>
         <load_address>0x4c0</load_address>
         <run_address>0x4c0</run_address>
         <size>0x6f</size>
         <input_file_ref idref="fl-4"/>
      </object_component>
      <object_component id="oc-72">
[...]
               <start_address>0x2003f800</start_address>
               <size>0x800</size>
               <logical_group_ref idref="lg-d"/>
            </allocated_space>
         </usage_details>
      </memory_area>
   </placement_map>
   <cptbl_list>
      <cptbl>
         <name>__TI_cinit_table</name>
         <cprec>
            <name>.data</name>
            <load_address>0x200076f8</load_address>
            <load_size>0x1b</load_size>
            <run_address>0x2001d800</run_address>
            <run_size>0x20</run_size>
            <compression>lzss</compression>
         </cprec>
         <cprec>
            <name>.bss</name>
            <load_address>0x20007720</load_address>
            <load_size>0x8</load_size>
            <run_address>0x2001d820</run_address>
            <run_size>0x4</run_size>
            <compression>zero_init</compression>
         </cprec>
      </cptbl>
   </cptbl_list>
   <handler_table>
      <handler_table_name>__TI_handler_table</handler_table_name>
      <handler>
         <index>0x0</index>
         <name>__TI_decompress_lzss</name>
      </handler>
      <handler>
         <index>0x1</index>
         <name>__TI_decompress_none</name>
      </handler>
      <handler>
         <index>0x2</index>
         <name>__TI_zero_init</name>
      </handler>
   </handler_table>
   <symbol_table>
      <symbol id="sm-1">
         <name>__TI_CINIT_Base</name>
         <value>0x20007728</value>
      </symbol>
      <symbol id="sm-2">
         <name>__TI_CINIT_Limit</name>
         <value>0x20007738</value>
      </symbol>
      <symbol id="sm-3">
         <name>__TI_Handler_Table_Base</name>
         <value>0x20007714</value>
      </symbol>
      <symbol id="sm-4">
         <name>__TI_Handler_Table_Limit</name>
         <value>0x20007720</value>
      </symbol>
      <symbol id="sm-5">
         <name>binit</name>
         <value>0xffffffff</value>
      </symbol>
      <symbol id="sm-6">
         <name>__binit__</name>
         <value>0xffffffff</value>
      </symbol>
      <symbol id="sm-7">
         <name>__STACK_SIZE</name>
         <value>0x800</value>
      </symbol>
      <symbol id="sm-8">
         <name>__STACK_END</name>
         <value>0x20040000</value>
      </symbol>
      <symbol id="sm-9">
         <name>__SYSMEM_SIZE</name>
         <value>0x800</value>
      </symbol>
      <symbol id="sm-a">
         <name>__c_args__</name>
         <value>0xffffffff</value>
      </symbol>
      <symbol id="sm-b">
         <name>__TI_pprof_out_hndl</name>
         <value>0xffffffff</value>
      </symbol>
      <symbol id="sm-c">
         <name>__TI_prof_data_start</name>
         <value>0xffffffff</value>
      </symbol>
      <symbol id="sm-d">
         <name>__TI_prof_data_size</name>
         <value>0xffffffff</value>
      </symbol>
      <symbol id="sm-4a">
         <name>LEDBinaryCount</name>
         <value>0x20005c49</value>
         <object_component_ref idref="oc-f2"/>
      </symbol>
      <symbol id="sm-4b">
         <name>LEDUnisonBlink</name>
         <value>0x20005d17</value>
         <object_component_ref idref="oc-f2"/>
      </symbol>
      <symbol id="sm-90">
         <name>state</name>
         <value>0x2001d818</value>
         <object_component_ref idref="oc-f8"/>
      </symbol>
      <symbol id="sm-91">
         <name>main</name>
         <value>0x20004e79</value>
         <object_component_ref idref="oc-94"/>
      </symbol>
      <symbol id="sm-92">
         <name>counter</name>
         <value>0x2001d814</value>
         <object_component_ref idref="oc-f8"/>
      </symbol>
      <symbol id="sm-a0">
         <name>PinMuxConfig</name>
         <value>0x20005d85</value>
         <object_component_ref idref="oc-e0"/>
      </symbol>
      <symbol id="sm-bf">
         <name>ResetISR</name>
         <value>0x2000739b</value>
         <object_component_ref idref="oc-26"/>
      </symbol>
      <symbol id="sm-c0">
         <name>g_pfnVectors</name>
         <value>0x20004000</value>
         <object_component_ref idref="oc-f"/>
      </symbol>
      <symbol id="sm-102">
         <name>GetCmd</name>
         <value>0x2000519f</value>
         <object_component_ref idref="oc-da"/>
      </symbol>
      <symbol id="sm-103">
         <name>Message</name>
         <value>0x2000513b</value>
         <object_component_ref idref="oc-da"/>
      </symbol>
      <symbol id="sm-104">
         <name>Report</name>
         <value>0x200052dd</value>
         <object_component_ref idref="oc-da"/>
      </symbol>
      <symbol id="sm-105">
         <name>Error</name>
         <value>0x20005167</value>
         <object_component_ref idref="oc-da"/>
      </symbol>
      <symbol id="sm-106">
         <name>InitTerm</name>
         <value>0x2000511d</value>
         <object_component_ref idref="oc-da"/>
      </symbol>
      <symbol id="sm-107">
         <name>ClearTerm</name>
         <value>0x2000515d</value>
         <object_component_ref idref="oc-da"/>
      </symbol>
      <symbol id="sm-108">
         <name>TrimSpace</name>
         <value>0x20005245</value>
         <object_component_ref idref="oc-da"/>
      </symbol>
      <symbol id="sm-121">
         <name>__TI_zero_init_nomemset</name>
         <value>0x20007369</value>
         <object_component_ref idref="oc-46"/>
      </symbol>
      <symbol id="sm-138">
         <name>__TI_decompress_none</name>
         <value>0x2000738d</value>
         <object_component_ref idref="oc-18"/>
      </symbol>
      <symbol id="sm-15b">
         <name>__TI_decompress_lzss</name>
         <value>0x20006ba1</value>
         <object_component_ref idref="oc-12"/>
      </symbol>
      <symbol id="sm-16e">
         <name>__stack</name>
         <value>0x2003f800</value>
         <object_component_ref idref="oc-20"/>
      </symbol>
      <symbol id="sm-16f">
         <name>_c_int00_noargs</name>
         <value>0x20006fd1</value>
         <object_component_ref idref="oc-58"/>
      </symbol>
      <symbol id="sm-17a">
         <name>C$$EXIT</name>
         <value>0x200073c7</value>
         <object_component_ref idref="oc-fc"/>
      </symbol>
      <symbol id="sm-17b">
         <name>abort</name>
         <value>0x200073c7</value>
         <object_component_ref idref="oc-fc"/>
      </symbol>
      <symbol id="sm-211">
         <name>_sys_memory</name>
         <value>0x2001d000</value>
         <object_component_ref idref="oc-23"/>
      </symbol>
      <symbol id="sm-212">
         <name>free</name>
         <value>0x20006439</value>
         <object_component_ref idref="oc-1ac"/>
      </symbol>
      <symbol id="sm-213">
         <name>realloc</name>
         <value>0x20006119</value>
         <object_component_ref idref="oc-1a6"/>
      </symbol>
      <symbol id="sm-214">
         <name>malloc</name>
         <value>0x20006a45</value>
         <object_component_ref idref="oc-1a0"/>
      </symbol>
      <symbol id="sm-215">
         <name>minit</name>
         <value>0x20007009</value>
         <object_component_ref idref="oc-241"/>
      </symbol>
      <symbol id="sm-22a">
         <name>_nop</name>
         <value>0x20004e5f</value>
         <object_component_ref idref="oc-276"/>
      </symbol>
      <symbol id="sm-22b">
         <name>_lock</name>
         <value>0x2001d80c</value>
         <object_component_ref idref="oc-1e3"/>
      </symbol>
      <symbol id="sm-22c">
         <name>_unlock</name>
         <value>0x2001d810</value>
         <object_component_ref idref="oc-1e3"/>
      </symbol>
      <symbol id="sm-23d">
         <name>memmove</name>
         <value>0x200071d9</value>
         <object_component_ref idref="oc-19a"/>
      </symbol>
      <symbol id="sm-24b">
         <name>strlen</name>
         <value>0x20007355</value>
         <object_component_ref idref="oc-194"/>
      </symbol>
      <symbol id="sm-27a">
         <name>vsnprintf</name>
         <value>0x20006ed9</value>
         <object_component_ref idref="oc-182"/>
      </symbol>
      <symbol id="sm-295">
         <name>memcpy</name>
         <value>0x2000666d</value>
         <object_component_ref idref="oc-3a"/>
      </symbol>
      <symbol id="sm-296">
         <name>__aeabi_memcpy</name>
         <value>0x2000666d</value>
         <object_component_ref idref="oc-3a"/>
      </symbol>
      <symbol id="sm-297">
         <name>__aeabi_memcpy8</name>
         <value>0x2000666d</value>
         <object_component_ref idref="oc-3a"/>
      </symbol>
      <symbol id="sm-298">
         <name>__aeabi_memcpy4</name>
         <value>0x2000666d</value>
         <object_component_ref idref="oc-3a"/>
      </symbol>
      <symbol id="sm-2a7">
         <name>__aeabi_memset</name>
         <value>0x200069cb</value>
         <object_component_ref idref="oc-88"/>
      </symbol>
      <symbol id="sm-2a8">
         <name>memset</name>
         <value>0x200069d1</value>
         <object_component_ref idref="oc-88"/>
      </symbol>
      <symbol id="sm-2a9">
         <name>__aeabi_memset8</name>
         <value>0x200069cb</value>
         <object_component_ref idref="oc-88"/>
      </symbol>
      <symbol id="sm-2aa">
         <name>__aeabi_memset4</name>
         <value>0x200069cb</value>
         <object_component_ref idref="oc-88"/>
      </symbol>
      <symbol id="sm-2ab">
         <name>__aeabi_memclr8</name>
         <value>0x200069c9</value>
         <object_component_ref idref="oc-88"/>
      </symbol>
      <symbol id="sm-2ac">
         <name>__aeabi_memclr4</name>
         <value>0x200069c9</value>
         <object_component_ref idref="oc-88"/>
      </symbol>
      <symbol id="sm-2ad">
         <name>__aeabi_memclr</name>
         <value>0x200069c9</value>
         <object_component_ref idref="oc-88"/>
      </symbol>
      <symbol id="sm-2d5">
         <name>__TI_auto_init_nobinit_nopinit</name>
         <value>0x20006e55</value>
         <object_component_ref idref="oc-108"/>
      </symbol>
      <symbol id="sm-2df">
         <name>_system_pre_init</name>
         <value>0x200073c3</value>
         <object_component_ref idref="oc-8e"/>
      </symbol>
      <symbol id="sm-445">
         <name>__TI_printfi</name>
         <value>0x20004401</value>
         <object_component_ref idref="oc-21d"/>
      </symbol>
      <symbol id="sm-45b">
         <name>atoi</name>
         <value>0x20006dc1</value>
         <object_component_ref idref="oc-2a2"/>
      </symbol>
      <symbol id="sm-466">
         <name>_ctypes_</name>
         <value>0x200073cc</value>
         <object_component_ref idref="oc-30a"/>
      </symbol>
      <symbol id="sm-475">
         <name>ltoa</name>
         <value>0x20006d1b</value>
         <object_component_ref idref="oc-32a"/>
      </symbol>
      <symbol id="sm-485">
         <name>memccpy</name>
         <value>0x20007257</value>
         <object_component_ref idref="oc-2cb"/>
      </symbol>
      <symbol id="sm-495">
         <name>strchr</name>
         <value>0x20007301</value>
         <object_component_ref idref="oc-361"/>
      </symbol>
      <symbol id="sm-4ae">
         <name>wcslen</name>
         <value>0x2000737b</value>
         <object_component_ref idref="oc-2d1"/>
      </symbol>
      <symbol id="sm-4ce">
         <name>frexpl</name>
         <value>0x20006c09</value>
         <object_component_ref idref="oc-355"/>
      </symbol>
      <symbol id="sm-4cf">
         <name>frexp</name>
         <value>0x20006c09</value>
         <object_component_ref idref="oc-355"/>
      </symbol>
      <symbol id="sm-4ec">
         <name>scalbn</name>
         <value>0x2000622d</value>
         <object_component_ref idref="oc-35b"/>
      </symbol>
      <symbol id="sm-4ed">
         <name>scalbnl</name>
         <value>0x2000622d</value>
         <object_component_ref idref="oc-35b"/>
      </symbol>
      <symbol id="sm-4ee">
         <name>ldexpl</name>
         <value>0x2000622d</value>
         <object_component_ref idref="oc-35b"/>
      </symbol>
      <symbol id="sm-4ef">
         <name>ldexp</name>
         <value>0x2000622d</value>
         <object_component_ref idref="oc-35b"/>
      </symbol>
      <symbol id="sm-506">
         <name>__aeabi_dsub</name>
         <value>0x200057dd</value>
         <object_component_ref idref="oc-335"/>
      </symbol>
      <symbol id="sm-507">
         <name>__aeabi_dadd</name>
         <value>0x200057e7</value>
         <object_component_ref idref="oc-335"/>
      </symbol>
      <symbol id="sm-529">
         <name>__aeabi_cdcmpeq</name>
         <value>0x200068bd</value>
         <object_component_ref idref="oc-2ae"/>
      </symbol>
      <symbol id="sm-52a">
         <name>__aeabi_cdcmple</name>
         <value>0x200068bd</value>
         <object_component_ref idref="oc-2ae"/>
      </symbol>
      <symbol id="sm-52b">
         <name>__aeabi_cdrcmple</name>
         <value>0x20006943</value>
         <object_component_ref idref="oc-320"/>
      </symbol>
      <symbol id="sm-53f">
         <name>__aeabi_ddiv</name>
         <value>0x20005ebd</value>
         <object_component_ref idref="oc-31b"/>
      </symbol>
      <symbol id="sm-54a">
         <name>__aeabi_dmul</name>
         <value>0x2000633d</value>
         <object_component_ref idref="oc-316"/>
      </symbol>
      <symbol id="sm-554">
         <name>__aeabi_d2iz</name>
         <value>0x20006e0d</value>
         <object_component_ref idref="oc-325"/>
      </symbol>
      <symbol id="sm-55e">
         <name>__aeabi_i2d</name>
         <value>0x20007109</value>
         <object_component_ref idref="oc-330"/>
      </symbol>
      <symbol id="sm-56b">
         <name>__aeabi_uldivmod</name>
         <value>0x20006709</value>
         <object_component_ref idref="oc-30f"/>
      </symbol>
      <symbol id="sm-581">
         <name>__aeabi_errno_addr</name>
         <value>0x200073b5</value>
         <object_component_ref idref="oc-2d7"/>
      </symbol>
      <symbol id="sm-582">
         <name>errno</name>
         <value>0x2001d81c</value>
         <object_component_ref idref="oc-371"/>
      </symbol>
      <symbol id="sm-58c">
         <name>copysign</name>
         <value>0x20007341</value>
         <object_component_ref idref="oc-3a4"/>
      </symbol>
      <symbol id="sm-58d">
         <name>copysignl</name>
         <value>0x20007341</value>
         <object_component_ref idref="oc-3a4"/>
      </symbol>
      <symbol id="sm-597">
         <name>__aeabi_idiv0</name>
         <value>0x20005993</value>
         <object_component_ref idref="oc-38b"/>
      </symbol>
      <symbol id="sm-598">
         <name>__aeabi_ldiv0</name>
         <value>0x20005993</value>
         <object_component_ref idref="oc-38b"/>
      </symbol>
      <symbol id="sm-5b4">
         <name>GPIOPinRead</name>
         <value>0x2000728d</value>
         <object_component_ref idref="oc-e6"/>
      </symbol>
      <symbol id="sm-5b5">
         <name>GPIODirModeSet</name>
         <value>0x20007041</value>
         <object_component_ref idref="oc-1cd"/>
      </symbol>
      <symbol id="sm-5b6">
         <name>GPIOPinWrite</name>
         <value>0x200071fd</value>
         <object_component_ref idref="oc-ec"/>
      </symbol>
      <symbol id="sm-5ed">
         <name>IntVTableBaseSet</name>
         <value>0x2000732d</value>
         <object_component_ref idref="oc-c2"/>
      </symbol>
      <symbol id="sm-5ee">
         <name>IntEnable</name>
         <value>0x200065c5</value>
         <object_component_ref idref="oc-ce"/>
      </symbol>
      <symbol id="sm-5ef">
         <name>IntMasterEnable</name>
         <value>0x200073a9</value>
         <object_component_ref idref="oc-c8"/>
      </symbol>
      <symbol id="sm-626">
         <name>PinTypeUART</name>
         <value>0x20007273</value>
         <object_component_ref idref="oc-1d3"/>
      </symbol>
      <symbol id="sm-627">
         <name>PinTypeGPIO</name>
         <value>0x20007077</value>
         <object_component_ref idref="oc-1c7"/>
      </symbol>
      <symbol id="sm-628">
         <name>PinConfigSet</name>
         <value>0x20006835</value>
         <object_component_ref idref="oc-26b"/>
      </symbol>
      <symbol id="sm-629">
         <name>PinModeSet</name>
         <value>0x20006e99</value>
         <object_component_ref idref="oc-1c1"/>
      </symbol>
      <symbol id="sm-6af">
         <name>PRCMPeripheralReset</name>
         <value>0x20006c6d</value>
         <object_component_ref idref="oc-163"/>
      </symbol>
      <symbol id="sm-6b0">
         <name>PRCMPeripheralClkEnable</name>
         <value>0x20006f59</value>
         <object_component_ref idref="oc-15d"/>
      </symbol>
      <symbol id="sm-6b1">
         <name>PRCMPeripheralClockGet</name>
         <value>0x200067a1</value>
         <object_component_ref idref="oc-170"/>
      </symbol>
      <symbol id="sm-6b2">
         <name>PRCMCC3200MCUInit</name>
         <value>0x20005995</value>
         <object_component_ref idref="oc-d4"/>
      </symbol>
      <symbol id="sm-6b3">
         <name>PRCMHIBRegWrite</name>
         <value>0x200072eb</value>
         <object_component_ref idref="oc-157"/>
      </symbol>
      <symbol id="sm-6b4">
         <name>PRCMSysResetCauseGet</name>
         <value>0x20007139</value>
         <object_component_ref idref="oc-14b"/>
      </symbol>
      <symbol id="sm-6b5">
         <name>PRCMPeripheralClkDisable</name>
         <value>0x20007165</value>
         <object_component_ref idref="oc-169"/>
      </symbol>
      <symbol id="sm-6b6">
         <name>PRCMHIBRegRead</name>
         <value>0x200072d5</value>
         <object_component_ref idref="oc-151"/>
      </symbol>
      <symbol id="sm-6f2">
         <name>UARTConfigSetExpClk</name>
         <value>0x20006abd</value>
         <object_component_ref idref="oc-176"/>
      </symbol>
      <symbol id="sm-6f3">
         <name>UARTDisable</name>
         <value>0x200070a9</value>
         <object_component_ref idref="oc-20f"/>
      </symbol>
      <symbol id="sm-6f4">
         <name>UARTCharsAvail</name>
         <value>0x200072a5</value>
         <object_component_ref idref="oc-188"/>
      </symbol>
      <symbol id="sm-6f5">
         <name>UARTCharGetNonBlocking</name>
         <value>0x2000723b</value>
         <object_component_ref idref="oc-18e"/>
      </symbol>
      <symbol id="sm-6f6">
         <name>UARTCharPut</name>
         <value>0x2000721d</value>
         <object_component_ref idref="oc-17c"/>
      </symbol>
      <symbol id="sm-6f7">
         <name>UARTEnable</name>
         <value>0x200071b5</value>
         <object_component_ref idref="oc-215"/>
      </symbol>
      <symbol id="sm-6fb">
         <name>UtilsDelay</name>
         <value>0x200073bd</value>
         <object_component_ref idref="oc-204"/>
      </symbol>
      <symbol id="sm-705">
         <name>CPUcpsie</name>
         <value>0x20007317</value>
         <object_component_ref idref="oc-13b"/>
      </symbol>
      <symbol id="sm-707">
         <name>__TI_static_base__</name>
         <value>0x200076f8</value>
      </symbol>
      <symbol id="sm-70a">
         <name>__mpu_init</name>
         <value>0x0</value>
      </symbol>
      <symbol id="sm-70b">
         <name>_system_post_cinit</name>
         <value>0x0</value>
      </symbol>
   </symbol_table>
   <title>Link successful</title>
</link_info>
